Component: ARM Compiler 5.06 update 2 (build 183) Tool: armlink [4d35b7]

==============================================================================

Section Cross References

    main.o(.text) refers to _printf_percent.o(.ARM.Collect$$_printf_percent$$00000000) for _printf_percent
    main.o(.text) refers to _printf_f.o(.ARM.Collect$$_printf_percent$$00000003) for _printf_f
    main.o(.text) refers to printf1.o(x$fpl$printf1) for _printf_fp_dec
    main.o(.text) refers to stm32f10x_rcc.o(.text) for RCC_DeInit
    main.o(.text) refers to stm32f10x_flash.o(.text) for FLASH_PrefetchBufferCmd
    main.o(.text) refers to delay.o(.text) for delay_init
    main.o(.text) refers to init.o(.text) for all_init
    main.o(.text) refers to feqf.o(x$fpl$feqf) for __aeabi_cfcmpeq
    main.o(.text) refers to f2d.o(x$fpl$f2d) for __aeabi_f2d
    main.o(.text) refers to dflt_clz.o(x$fpl$dflt) for __aeabi_i2d
    main.o(.text) refers to dmul.o(x$fpl$dmul) for __aeabi_dmul
    main.o(.text) refers to ddiv.o(x$fpl$ddiv) for __aeabi_ddiv
    main.o(.text) refers to noretval__2printf.o(.text) for __2printf
    main.o(.text) refers to encode.o(.bss) for MotorMsg
    main.o(.text) refers to pid.o(.bss) for pid_config
    main.o(.text) refers to encode.o(.data) for pwm
    stm32f10x_it.o(.text) refers to stm32f10x_tim.o(.text) for TIM_ClearITPendingBit
    stm32f10x_it.o(.text) refers to encode.o(.text) for TIM3_Process
    stm32f10x_it.o(.text) refers to encode.o(.bss) for MotorMsg
    stm32f10x_adc.o(.text) refers to stm32f10x_rcc.o(.text) for RCC_APB2PeriphResetCmd
    stm32f10x_bkp.o(.text) refers to stm32f10x_rcc.o(.text) for RCC_BackupResetCmd
    stm32f10x_can.o(.text) refers to stm32f10x_rcc.o(.text) for RCC_APB1PeriphResetCmd
    stm32f10x_dac.o(.text) refers to stm32f10x_rcc.o(.text) for RCC_APB1PeriphResetCmd
    stm32f10x_gpio.o(.text) refers to stm32f10x_rcc.o(.text) for RCC_APB2PeriphResetCmd
    stm32f10x_i2c.o(.text) refers to stm32f10x_rcc.o(.text) for RCC_APB1PeriphResetCmd
    stm32f10x_nvic.o(.text) refers to cortexm3_macro.o(.text) for __SETPRIMASK
    stm32f10x_pwr.o(.text) refers to stm32f10x_rcc.o(.text) for RCC_APB1PeriphResetCmd
    stm32f10x_pwr.o(.text) refers to cortexm3_macro.o(.text) for __WFI
    stm32f10x_rcc.o(.text) refers to stm32f10x_rcc.o(.data) for HSEStatus
    stm32f10x_rcc.o(.text) refers to stm32f10x_rcc.o(.constdata) for APBAHBPrescTable
    stm32f10x_spi.o(.text) refers to stm32f10x_rcc.o(.text) for RCC_APB2PeriphResetCmd
    stm32f10x_tim.o(.text) refers to stm32f10x_rcc.o(.text) for RCC_APB2PeriphResetCmd
    stm32f10x_tim1.o(.text) refers to stm32f10x_rcc.o(.text) for RCC_APB2PeriphResetCmd
    stm32f10x_usart.o(.text) refers to stm32f10x_rcc.o(.text) for RCC_APB2PeriphResetCmd
    stm32f10x_wwdg.o(.text) refers to stm32f10x_rcc.o(.text) for RCC_APB1PeriphResetCmd
    delay.o(.text) refers to delay.o(.data) for fac_us
    usart.o(.text) refers (Special) to use_no_semi_2.o(.text) for __use_no_semihosting
    usart.o(.text) refers to strlen.o(.text) for strlen
    usart.o(.text) refers to stm32f10x_rcc.o(.text) for RCC_APB2PeriphClockCmd
    usart.o(.text) refers to stm32f10x_gpio.o(.text) for GPIO_Init
    usart.o(.text) refers to stm32f10x_usart.o(.text) for USART_ClockInit
    usart.o(.data) refers (Special) to use_no_semi_2.o(.text) for __use_no_semihosting
    encode.o(.text) refers to stm32f10x_rcc.o(.text) for RCC_APB2PeriphClockCmd
    encode.o(.text) refers to stm32f10x_gpio.o(.text) for GPIO_StructInit
    encode.o(.text) refers to stm32f10x_tim.o(.text) for TIM_DeInit
    encode.o(.text) refers to stm32f10x_nvic.o(.text) for NVIC_PriorityGroupConfig
    encode.o(.text) refers to adc.o(.text) for Get_Current
    encode.o(.text) refers to fflt_clz.o(x$fpl$fflt) for __aeabi_i2f
    encode.o(.text) refers to pid.o(.text) for PIDCalc
    encode.o(.text) refers to spwm.o(.text) for SetMotorPWM
    encode.o(.text) refers to encode.o(.bss) for MotorMsg
    encode.o(.text) refers to pid.o(.bss) for PID_Motor_P
    encode.o(.text) refers to encode.o(.data) for pwm
    pid.o(.text) refers to faddsub_clz.o(x$fpl$fsub) for __aeabi_fsub
    pid.o(.text) refers to feqf.o(x$fpl$feqf) for __aeabi_cfcmpeq
    pid.o(.text) refers to faddsub_clz.o(x$fpl$fadd) for __aeabi_fadd
    pid.o(.text) refers to fmul.o(x$fpl$fmul) for __aeabi_fmul
    pid.o(.text) refers to frleqf.o(x$fpl$frleqf) for __aeabi_cfrcmple
    pid.o(.text) refers to pid.o(.bss) for PID_Motor_P
    reset.o(.text) refers to stm32f10x_rcc.o(.text) for RCC_APB2PeriphClockCmd
    reset.o(.text) refers to stm32f10x_gpio.o(.text) for GPIO_Init
    reset.o(.text) refers to stm32f10x_nvic.o(.text) for NVIC_PriorityGroupConfig
    reset.o(.text) refers to stm32f10x_exti.o(.text) for EXTI_ClearITPendingBit
    reset.o(.text) refers to encode.o(.bss) for MotorMsg
    adc.o(.text) refers to stm32f10x_rcc.o(.text) for RCC_ADCCLKConfig
    adc.o(.text) refers to stm32f10x_adc.o(.text) for ADC_DeInit
[...]
    .text                                    0x0800446c   Section        8  libspace.o(.text)
    .text                                    0x08004474   Section       74  sys_stackheap_outer.o(.text)
    .text                                    0x080044be   Section        0  exit.o(.text)
    .text                                    0x080044d0   Section      128  strcmpv7m.o(.text)
    CL$$btod_d2e                             0x08004550   Section       62  btod.o(CL$$btod_d2e)
    CL$$btod_d2e_denorm_low                  0x0800458e   Section       70  btod.o(CL$$btod_d2e_denorm_low)
    CL$$btod_d2e_norm_op1                    0x080045d4   Section       96  btod.o(CL$$btod_d2e_norm_op1)
    CL$$btod_div_common                      0x08004634   Section      824  btod.o(CL$$btod_div_common)
    CL$$btod_e2e                             0x0800496c   Section      198  btod.o(CL$$btod_e2e)
    CL$$btod_ediv                            0x08004a32   Section       40  btod.o(CL$$btod_ediv)
    CL$$btod_emul                            0x08004a5a   Section       40  btod.o(CL$$btod_emul)
    CL$$btod_mult_common                     0x08004a82   Section      580  btod.o(CL$$btod_mult_common)
    i.__ARM_fpclassify                       0x08004cc6   Section        0  fpclassify.o(i.__ARM_fpclassify)
    i._is_digit                              0x08004cee   Section        0  __printf_wp.o(i._is_digit)
    locale$$code                             0x08004cfc   Section       44  lc_numeric_c.o(locale$$code)
    x$fpl$d2f                                0x08004d28   Section       98  d2f.o(x$fpl$d2f)
    x$fpl$ddiv                               0x08004d8c   Section      688  ddiv.o(x$fpl$ddiv)
    ddiv_entry                               0x08004d93   Thumb Code     0  ddiv.o(x$fpl$ddiv)
    x$fpl$dflt                               0x0800503c   Section       46  dflt_clz.o(x$fpl$dflt)
    x$fpl$dmul                               0x0800506c   Section      340  dmul.o(x$fpl$dmul)
    x$fpl$dnaninf                            0x080051c0   Section      156  dnaninf.o(x$fpl$dnaninf)
    x$fpl$dretinf                            0x0800525c   Section       12  dretinf.o(x$fpl$dretinf)
    x$fpl$f2d                                0x08005268   Section       86  f2d.o(x$fpl$f2d)
    x$fpl$fadd                               0x080052c0   Section      196  faddsub_clz.o(x$fpl$fadd)
    _fadd1                                   0x080052cf   Thumb Code     0  faddsub_clz.o(x$fpl$fadd)
    x$fpl$fcmpinf                            0x08005384   Section       24  fcmpi.o(x$fpl$fcmpinf)
    x$fpl$fdiv                               0x0800539c   Section      388  fdiv.o(x$fpl$fdiv)
    _fdiv1                                   0x0800539d   Thumb Code     0  fdiv.o(x$fpl$fdiv)
    x$fpl$feqf                               0x08005520   Section      104  feqf.o(x$fpl$feqf)
    x$fpl$ffixu                              0x08005588   Section       62  ffixu.o(x$fpl$ffixu)
    x$fpl$fflt                               0x080055c8   Section       48  fflt_clz.o(x$fpl$fflt)
    x$fpl$ffltu                              0x080055f8   Section       38  fflt_clz.o(x$fpl$ffltu)
    x$fpl$fleqf                              0x08005620   Section      104  fleqf.o(x$fpl$fleqf)
    x$fpl$fmul                               0x08005688   Section      258  fmul.o(x$fpl$fmul)
    x$fpl$fnaninf                            0x0800578a   Section      140  fnaninf.o(x$fpl$fnaninf)
    x$fpl$fretinf                            0x08005816   Section       10  fretinf.o(x$fpl$fretinf)
    x$fpl$frleqf                             0x08005820   Section       98  frleqf.o(x$fpl$frleqf)
    x$fpl$frsb                               0x08005882   Section       20  faddsub_clz.o(x$fpl$frsb)
    x$fpl$fsub                               0x08005898   Section      234  faddsub_clz.o(x$fpl$fsub)
    _fsub1                                   0x080058a7   Thumb Code     0  faddsub_clz.o(x$fpl$fsub)
    x$fpl$printf1                            0x08005982   Section        4  printf1.o(x$fpl$printf1)
    .constdata                               0x08005986   Section       20  stm32f10x_rcc.o(.constdata)
    x$fpl$usenofp                            0x08005986   Section        0  usenofp.o(x$fpl$usenofp)
    APBAHBPrescTable                         0x08005986   Data          16  stm32f10x_rcc.o(.constdata)
    ADCPrescTable                            0x08005996   Data           4  stm32f10x_rcc.o(.constdata)
    .constdata                               0x0800599c   Section      148  bigflt0.o(.constdata)
    tenpwrs_x                                0x0800599c   Data          60  bigflt0.o(.constdata)
    tenpwrs_i                                0x080059d8   Data          64  bigflt0.o(.constdata)
    locale$$data                             0x08005a50   Section       28  lc_numeric_c.o(locale$$data)
    __lcnum_c_name                           0x08005a54   Data           2  lc_numeric_c.o(locale$$data)
    __lcnum_c_start                          0x08005a5c   Data           0  lc_numeric_c.o(locale$$data)
    __lcnum_c_point                          0x08005a68   Data           0  lc_numeric_c.o(locale$$data)
    __lcnum_c_thousands                      0x08005a6a   Data           0  lc_numeric_c.o(locale$$data)
    __lcnum_c_grouping                       0x08005a6b   Data           0  lc_numeric_c.o(locale$$data)
    __lcnum_c_end                            0x08005a6c   Data           0  lc_numeric_c.o(locale$$data)
    .data                                    0x20000000   Section        8  stm32f10x_rcc.o(.data)
    HSEStatus                                0x20000000   Data           1  stm32f10x_rcc.o(.data)
    StartUpCounter                           0x20000004   Data           4  stm32f10x_rcc.o(.data)
    .data                                    0x20000008   Section        4  delay.o(.data)
    fac_us                                   0x20000008   Data           1  delay.o(.data)
    fac_ms                                   0x2000000a   Data           2  delay.o(.data)
    .data                                    0x2000000c   Section        4  usart.o(.data)
    .data                                    0x20000010   Section       20  encode.o(.data)
    .data                                    0x20000024   Section        4  adc.o(.data)
    .bss                                     0x20000028   Section       36  encode.o(.bss)
    .bss                                     0x2000004c   Section      176  pid.o(.bss)
    .bss                                     0x200000fc   Section       44  kalman.o(.bss)
    .bss                                     0x20000128   Section       96  libspace.o(.bss)
    HEAP                                     0x20000188   Section     1024  stm32f10x_vector.o(HEAP)
    Heap_Mem                                 0x20000188   Data        1024  stm32f10x_vector.o(HEAP)
    STACK                                    0x20000588   Section     1024  stm32f10x_vector.o(STACK)
    Stack_Mem                                0x20000588   Data        1024  stm32f10x_vector.o(STACK)
    __initial_sp                             0x20000988   Data           0  stm32f10x_vector.o(STACK)

    Global Symbols

    Symbol Name                              Value     Ov Type        Size  Object(Section)

    BuildAttributes$$THM_ISAv4$P$D$K$B$S$PE$A:L22UL41UL21$X:L11$S22US41US21$IEEE1$IW$USESV6$~STKCKD$USESV7$~SHL$OTIME$ROPI$IEEEJ$EBA8$UX$STANDARDLIB$REQ8$PRES8$EABIv2 0x00000000   Number         0  anon$$obj.o ABSOLUTE
    __ARM_use_no_argv                        0x00000000   Number         0  main.o ABSOLUTE
    _printf_flags                            0x00000000   Number         0  printf_stubs.o ABSOLUTE
    _printf_return_value                     0x00000000   Number         0  printf_stubs.o ABSOLUTE
    _printf_sizespec                         0x00000000   Number         0  printf_stubs.o ABSOLUTE
    _printf_widthprec                        0x00000000   Number         0  printf_stubs.o ABSOLUTE
    __ARM_exceptions_init                     - Undefined Weak Reference
    __alloca_initialize                       - Undefined Weak Reference
    __arm_preinit_                            - Undefined Weak Reference
    __cpp_initialize__aeabi_                  - Undefined Weak Reference
    __cxa_finalize                            - Undefined Weak Reference
    __sigvec_lookup                           - Undefined Weak Reference
    _atexit_init                              - Undefined Weak Reference
    _call_atexit_fns                          - Undefined Weak Reference
    _clock_init                               - Undefined Weak Reference
    _fp_trap_init                             - Undefined Weak Reference
    _fp_trap_shutdown                         - Undefined Weak Reference
    _get_lc_collate                           - Undefined Weak Reference
    _get_lc_ctype                             - Undefined Weak Reference
    _get_lc_monetary                          - Undefined Weak Reference
    _get_lc_time                              - Undefined Weak Reference
    _getenv_init                              - Undefined Weak Reference
    _handle_redirection                       - Undefined Weak Reference
    _init_alloc                               - Undefined Weak Reference
    _init_user_alloc                          - Undefined Weak Reference
    _initio                                   - Undefined Weak Reference
    _mutex_acquire                            - Undefined Weak Reference
    _mutex_release                            - Undefined Weak Reference
    _printf_post_padding                      - Undefined Weak Reference
    _printf_pre_padding                       - Undefined Weak Reference
    _rand_init                                - Undefined Weak Reference
    _signal_finish                            - Undefined Weak Reference
    _signal_init                              - Undefined Weak Reference
    _terminate_alloc                          - Undefined Weak Reference
    _terminate_user_alloc                     - Undefined Weak Reference
    _terminateio                              - Undefined Weak Reference
    __Vectors                                0x08000000   Data           4  stm32f10x_vector.o(RESET)
    __main                                   0x08000131   Thumb Code     8  __main.o(!!!main)
    __scatterload                            0x08000139   Thumb Code     0  __scatter.o(!!!scatter)
    __scatterload_rt2                        0x08000139   Thumb Code    44  __scatter.o(!!!scatter)
    __scatterload_rt2_thumb_only             0x08000139   Thumb Code     0  __scatter.o(!!!scatter)
    __scatterload_null                       0x08000147   Thumb Code     0  __scatter.o(!!!scatter)
    __scatterload_copy                       0x0800016d   Thumb Code    26  __scatter_copy.o(!!handler_copy)
    __scatterload_zeroinit                   0x08000189   Thumb Code    28  __scatter_zi.o(!!handler_zi)
    _printf_f                                0x080001a5   Thumb Code     0  _printf_f.o(.ARM.Collect$$_printf_percent$$00000003)
    _printf_percent                          0x080001a5   Thumb Code     0  _printf_percent.o(.ARM.Collect$$_printf_percent$$00000000)
    _printf_percent_end                      0x080001ab   Thumb Code     0  _printf_percent_end.o(.ARM.Collect$$_printf_percent$$00000017)
    __rt_lib_init                            0x080001af   Thumb Code     0  libinit.o(.ARM.Collect$$libinit$$00000000)
    __rt_lib_init_fp_1                       0x080001b1   Thumb Code     0  libinit2.o(.ARM.Collect$$libinit$$00000002)
    __rt_lib_init_heap_1                     0x080001b1   Thumb Code     0  libinit2.o(.ARM.Collect$$libinit$$0000000A)
    __rt_lib_init_lc_common                  0x080001b1   Thumb Code     0  libinit2.o(.ARM.Collect$$libinit$$0000000F)
    __rt_lib_init_preinit_1                  0x080001b1   Thumb Code     0  libinit2.o(.ARM.Collect$$libinit$$00000004)
    __rt_lib_init_rand_1                     0x080001b1   Thumb Code     0  libinit2.o(.ARM.Collect$$libinit$$0000000E)
    __rt_lib_init_user_alloc_1               0x080001b1   Thumb Code     0  libinit2.o(.ARM.Collect$$libinit$$0000000C)
    __rt_lib_init_lc_collate_1               0x080001b7   Thumb Code     0  libinit2.o(.ARM.Collect$$libinit$$00000011)
    __rt_lib_init_lc_ctype_1                 0x080001b7   Thumb Code     0  libinit2.o(.ARM.Collect$$libinit$$00000013)
    __rt_lib_init_lc_monetary_1              0x080001b7   Thumb Code     0  libinit2.o(.ARM.Collect$$libinit$$00000015)
    __rt_lib_init_lc_numeric_2               0x080001b7   Thumb Code     0  libinit2.o(.ARM.Collect$$libinit$$00000016)
    __rt_lib_init_alloca_1                   0x080001c1   Thumb Code     0  libinit2.o(.ARM.Collect$$libinit$$0000002E)
    __rt_lib_init_argv_1                     0x080001c1   Thumb Code     0  libinit2.o(.ARM.Collect$$libinit$$0000002C)
    __rt_lib_init_atexit_1                   0x080001c1   Thumb Code     0  libinit2.o(.ARM.Collect$$libinit$$0000001B)
    __rt_lib_init_clock_1                    0x080001c1   Thumb Code     0  libinit2.o(.ARM.Collect$$libinit$$00000021)
    __rt_lib_init_cpp_1                      0x080001c1   Thumb Code     0  libinit2.o(.ARM.Collect$$libinit$$00000032)
    __rt_lib_init_exceptions_1               0x080001c1   Thumb Code     0  libinit2.o(.ARM.Collect$$libinit$$00000030)
    __rt_lib_init_fp_trap_1                  0x080001c1   Thumb Code     0  libinit2.o(.ARM.Collect$$libinit$$0000001F)
    __rt_lib_init_getenv_1                   0x080001c1   Thumb Code     0  libinit2.o(.ARM.Collect$$libinit$$00000023)
    __rt_lib_init_lc_numeric_1               0x080001c1   Thumb Code     0  libinit2.o(.ARM.Collect$$libinit$$00000017)
    __rt_lib_init_lc_time_1                  0x080001c1   Thumb Code     0  libinit2.o(.ARM.Collect$$libinit$$00000019)
    __rt_lib_init_return                     0x080001c1   Thumb Code     0  libinit2.o(.ARM.Collect$$libinit$$00000033)
    __rt_lib_init_signal_1                   0x080001c1   Thumb Code     0  libinit2.o(.ARM.Collect$$libinit$$0000001D)
    __rt_lib_init_stdio_1                    0x080001c1   Thumb Code     0  libinit2.o(.ARM.Collect$$libinit$$00000025)
    __rt_lib_shutdown                        0x080001c3   Thumb Code     0  libshutdown.o(.ARM.Collect$$libshutdown$$00000000)
    __rt_lib_shutdown_cpp_1                  0x080001c5   Thumb Code     0  libshutdown2.o(.ARM.Collect$$libshutdown$$00000002)
    __rt_lib_shutdown_fp_trap_1              0x080001c5   Thumb Code     0  libshutdown2.o(.ARM.Collect$$libshutdown$$00000007)
    __rt_lib_shutdown_heap_1                 0x080001c5   Thumb Code     0  libshutdown2.o(.ARM.Collect$$libshutdown$$0000000F)
    __rt_lib_shutdown_return                 0x080001c5   Thumb Code     0  libshutdown2.o(.ARM.Collect$$libshutdown$$00000010)
    __rt_lib_shutdown_signal_1               0x080001c5   Thumb Code     0  libshutdown2.o(.ARM.Collect$$libshutdown$$0000000A)
    __rt_lib_shutdown_stdio_1                0x080001c5   Thumb Code     0  libshutdown2.o(.ARM.Collect$$libshutdown$$00000004)
    __rt_lib_shutdown_user_alloc_1           0x080001c5   Thumb Code     0  libshutdown2.o(.ARM.Collect$$libshutdown$$0000000C)
    __rt_entry                               0x080001c7   Thumb Code     0  __rtentry.o(.ARM.Collect$$rtentry$$00000000)
    __rt_entry_presh_1                       0x080001c7   Thumb Code     0  __rtentry2.o(.ARM.Collect$$rtentry$$00000002)
    __rt_entry_sh                            0x080001c7   Thumb Code     0  __rtentry4.o(.ARM.Collect$$rtentry$$00000004)
    __rt_entry_li                            0x080001cd   Thumb Code     0  __rtentry2.o(.ARM.Collect$$rtentry$$0000000A)
    __rt_entry_postsh_1                      0x080001cd   Thumb Code     0  __rtentry2.o(.ARM.Collect$$rtentry$$00000009)
    __rt_entry_main                          0x080001d1   Thumb Code     0  __rtentry2.o(.ARM.Collect$$rtentry$$0000000D)
    __rt_entry_postli_1                      0x080001d1   Thumb Code     0  __rtentry2.o(.ARM.Collect$$rtentry$$0000000C)
    __rt_exit                                0x080001d9   Thumb Code     0  rtexit.o(.ARM.Collect$$rtexit$$00000000)
    __rt_exit_ls                             0x080001db   Thumb Code     0  rtexit2.o(.ARM.Collect$$rtexit$$00000003)
    __rt_exit_prels_1                        0x080001db   Thumb Code     0  rtexit2.o(.ARM.Collect$$rtexit$$00000002)
    __rt_exit_exit                           0x080001df   Thumb Code     0  rtexit2.o(.ARM.Collect$$rtexit$$00000004)
    RCC_Configuration                        0x080001e5   Thumb Code   106  main.o(.text)
    main                                     0x0800024f   Thumb Code   150  main.o(.text)
    NMIException                             0x0800031d   Thumb Code     2  stm32f10x_it.o(.text)
    HardFaultException                       0x0800031f   Thumb Code     4  stm32f10x_it.o(.text)
    MemManageException                       0x08000323   Thumb Code     4  stm32f10x_it.o(.text)
    BusFaultException                        0x08000327   Thumb Code     4  stm32f10x_it.o(.text)
    UsageFaultException                      0x0800032b   Thumb Code     4  stm32f10x_it.o(.text)
    DebugMonitor                             0x0800032f   Thumb Code     2  stm32f10x_it.o(.text)
    SVCHandler                               0x08000331   Thumb Code     2  stm32f10x_it.o(.text)
    PendSVC                                  0x08000333   Thumb Code     2  stm32f10x_it.o(.text)
    SysTickHandler                           0x08000335   Thumb Code     2  stm32f10x_it.o(.text)
    WWDG_IRQHandler                          0x08000337   Thumb Code     2  stm32f10x_it.o(.text)
    PVD_IRQHandler                           0x08000339   Thumb Code     2  stm32f10x_it.o(.text)
    TAMPER_IRQHandler                        0x0800033b   Thumb Code     2  stm32f10x_it.o(.text)
    RTC_IRQHandler                           0x0800033d   Thumb Code     2  stm32f10x_it.o(.text)
    FLASH_IRQHandler                         0x0800033f   Thumb Code     2  stm32f10x_it.o(.text)
    RCC_IRQHandler                           0x08000341   Thumb Code     2  stm32f10x_it.o(.text)
    EXTI0_IRQHandler                         0x08000343   Thumb Code     2  stm32f10x_it.o(.text)
    EXTI1_IRQHandler                         0x08000345   Thumb Code     2  stm32f10x_it.o(.text)
    EXTI2_IRQHandler                         0x08000347   Thumb Code     2  stm32f10x_it.o(.text)
    EXTI3_IRQHandler                         0x08000349   Thumb Code     2  stm32f10x_it.o(.text)
    EXTI4_IRQHandler                         0x0800034b   Thumb Code     2  stm32f10x_it.o(.text)
    DMA1_Channel1_IRQHandler                 0x0800034d   Thumb Code     2  stm32f10x_it.o(.text)
    DMA1_Channel2_IRQHandler                 0x0800034f   Thumb Code     2  stm32f10x_it.o(.text)
    DMA1_Channel3_IRQHandler                 0x08000351   Thumb Code     2  stm32f10x_it.o(.text)
    DMA1_Channel4_IRQHandler                 0x08000353   Thumb Code     2  stm32f10x_it.o(.text)
    DMA1_Channel5_IRQHandler                 0x08000355   Thumb Code     2  stm32f10x_it.o(.text)
    DMA1_Channel6_IRQHandler                 0x08000357   Thumb Code     2  stm32f10x_it.o(.text)
    DMA1_Channel7_IRQHandler                 0x08000359   Thumb Code     2  stm32f10x_it.o(.text)
    ADC1_2_IRQHandler                        0x0800035b   Thumb Code     2  stm32f10x_it.o(.text)
    USB_HP_CAN_TX_IRQHandler                 0x0800035d   Thumb Code     2  stm32f10x_it.o(.text)
    USB_LP_CAN_RX0_IRQHandler                0x0800035f   Thumb Code     2  stm32f10x_it.o(.text)
    CAN_RX1_IRQHandler                       0x08000361   Thumb Code     2  stm32f10x_it.o(.text)
    CAN_SCE_IRQHandler                       0x08000363   Thumb Code     2  stm32f10x_it.o(.text)
    EXTI9_5_IRQHandler                       0x08000365   Thumb Code     2  stm32f10x_it.o(.text)
    TIM1_BRK_IRQHandler                      0x08000367   Thumb Code     2  stm32f10x_it.o(.text)
    TIM1_UP_IRQHandler                       0x08000369   Thumb Code     2  stm32f10x_it.o(.text)
    TIM1_TRG_COM_IRQHandler                  0x0800036b   Thumb Code     2  stm32f10x_it.o(.text)
    TIM1_CC_IRQHandler                       0x0800036d   Thumb Code     2  stm32f10x_it.o(.text)
    TIM2_IRQHandler                          0x0800036f   Thumb Code    12  stm32f10x_it.o(.text)
    TIM3_IRQHandler                          0x0800037b   Thumb Code    24  stm32f10x_it.o(.text)
    TIM4_IRQHandler                          0x08000393   Thumb Code     2  stm32f10x_it.o(.text)
    I2C1_EV_IRQHandler                       0x08000395   Thumb Code     2  stm32f10x_it.o(.text)
    I2C1_ER_IRQHandler                       0x08000397   Thumb Code     2  stm32f10x_it.o(.text)
    I2C2_EV_IRQHandler                       0x08000399   Thumb Code     2  stm32f10x_it.o(.text)
    I2C2_ER_IRQHandler                       0x0800039b   Thumb Code     2  stm32f10x_it.o(.text)
    SPI1_IRQHandler                          0x0800039d   Thumb Code     2  stm32f10x_it.o(.text)
    SPI2_IRQHandler                          0x0800039f   Thumb Code     2  stm32f10x_it.o(.text)
    USART1_IRQHandler                        0x080003a1   Thumb Code     2  stm32f10x_it.o(.text)
    USART2_IRQHandler                        0x080003a3   Thumb Code     2  stm32f10x_it.o(.text)
    USART3_IRQHandler                        0x080003a5   Thumb Code     2  stm32f10x_it.o(.text)
    EXTI15_10_IRQHandler                     0x080003a7   Thumb Code     2  stm32f10x_it.o(.text)
    RTCAlarm_IRQHandler                      0x080003a9   Thumb Code     2  stm32f10x_it.o(.text)
    USBWakeUp_IRQHandler                     0x080003ab   Thumb Code     2  stm32f10x_it.o(.text)
    TIM8_BRK_IRQHandler                      0x080003ad   Thumb Code     2  stm32f10x_it.o(.text)
    TIM8_UP_IRQHandler                       0x080003af   Thumb Code     2  stm32f10x_it.o(.text)
    TIM8_TRG_COM_IRQHandler                  0x080003b1   Thumb Code     2  stm32f10x_it.o(.text)
    TIM8_CC_IRQHandler                       0x080003b3   Thumb Code     2  stm32f10x_it.o(.text)
    ADC3_IRQHandler                          0x080003b5   Thumb Code     2  stm32f10x_it.o(.text)
    FSMC_IRQHandler                          0x080003b7   Thumb Code     2  stm32f10x_it.o(.text)
    SDIO_IRQHandler                          0x080003b9   Thumb Code     2  stm32f10x_it.o(.text)
    TIM5_IRQHandler                          0x080003bb   Thumb Code     2  stm32f10x_it.o(.text)
    SPI3_IRQHandler                          0x080003bd   Thumb Code     2  stm32f10x_it.o(.text)
    UART4_IRQHandler                         0x080003bf   Thumb Code     2  stm32f10x_it.o(.text)
    UART5_IRQHandler                         0x080003c1   Thumb Code     2  stm32f10x_it.o(.text)
    TIM6_IRQHandler                          0x080003c3   Thumb Code     2  stm32f10x_it.o(.text)
    TIM7_IRQHandler                          0x080003c5   Thumb Code     2  stm32f10x_it.o(.text)
    DMA2_Channel1_IRQHandler                 0x080003c7   Thumb Code     2  stm32f10x_it.o(.text)
    DMA2_Channel2_IRQHandler                 0x080003c9   Thumb Code     2  stm32f10x_it.o(.text)
    DMA2_Channel3_IRQHandler                 0x080003cb   Thumb Code     2  stm32f10x_it.o(.text)
    DMA2_Channel4_5_IRQHandler               0x080003cd   Thumb Code     2  stm32f10x_it.o(.text)
    ADC_DeInit                               0x080003d9   Thumb Code    90  stm32f10x_adc.o(.text)
    ADC_Init                                 0x08000433   Thumb Code    70  stm32f10x_adc.o(.text)
    ADC_StructInit                           0x08000479   Thumb Code    18  stm32f10x_adc.o(.text)
    ADC_Cmd                                  0x0800048b   Thumb Code    22  stm32f10x_adc.o(.text)
    ADC_DMACmd                               0x080004a1   Thumb Code    22  stm32f10x_adc.o(.text)
    ADC_ITConfig                             0x080004b7   Thumb Code    24  stm32f10x_adc.o(.text)
    ADC_ResetCalibration                     0x080004cf   Thumb Code    10  stm32f10x_adc.o(.text)
    ADC_GetResetCalibrationStatus            0x080004d9   Thumb Code    20  stm32f10x_adc.o(.text)
    ADC_StartCalibration                     0x080004ed   Thumb Code    10  stm32f10x_adc.o(.text)
    ADC_GetCalibrationStatus                 0x080004f7   Thumb Code    20  stm32f10x_adc.o(.text)
    ADC_SoftwareStartConvCmd                 0x0800050b   Thumb Code    22  stm32f10x_adc.o(.text)
    ADC_GetSoftwareStartConvStatus           0x08000521   Thumb Code    20  stm32f10x_adc.o(.text)
    ADC_DiscModeChannelCountConfig           0x08000535   Thumb Code    24  stm32f10x_adc.o(.text)
    ADC_DiscModeCmd                          0x0800054d   Thumb Code    22  stm32f10x_adc.o(.text)
    ADC_RegularChannelConfig                 0x08000563   Thumb Code   184  stm32f10x_adc.o(.text)
    ADC_ExternalTrigConvCmd                  0x0800061b   Thumb Code    22  stm32f10x_adc.o(.text)
    ADC_GetConversionValue                   0x08000631   Thumb Code     8  stm32f10x_adc.o(.text)
    ADC_GetDualModeConversionValue           0x08000639   Thumb Code     6  stm32f10x_adc.o(.text)
    ADC_AutoInjectedConvCmd                  0x0800063f   Thumb Code    22  stm32f10x_adc.o(.text)
    ADC_InjectedDiscModeCmd                  0x08000655   Thumb Code    22  stm32f10x_adc.o(.text)
    ADC_ExternalTrigInjectedConvConfig       0x0800066b   Thumb Code    16  stm32f10x_adc.o(.text)
    ADC_ExternalTrigInjectedConvCmd          0x0800067b   Thumb Code    22  stm32f10x_adc.o(.text)
    ADC_SoftwareStartInjectedConvCmd         0x08000691   Thumb Code    22  stm32f10x_adc.o(.text)
    ADC_GetSoftwareStartInjectedConvCmdStatus 0x080006a7   Thumb Code    20  stm32f10x_adc.o(.text)
    ADC_InjectedChannelConfig                0x080006bb   Thumb Code   130  stm32f10x_adc.o(.text)
    ADC_InjectedSequencerLengthConfig        0x0800073d   Thumb Code    24  stm32f10x_adc.o(.text)
    ADC_SetInjectedOffset                    0x08000755   Thumb Code     4  stm32f10x_adc.o(.text)
    ADC_GetInjectedConversionValue           0x08000759   Thumb Code    10  stm32f10x_adc.o(.text)
    ADC_AnalogWatchdogCmd                    0x08000763   Thumb Code    16  stm32f10x_adc.o(.text)
    ADC_AnalogWatchdogThresholdsConfig       0x08000773   Thumb Code     6  stm32f10x_adc.o(.text)
    ADC_AnalogWatchdogSingleChannelConfig    0x08000779   Thumb Code    16  stm32f10x_adc.o(.text)
    ADC_TempSensorVrefintCmd                 0x08000789   Thumb Code    38  stm32f10x_adc.o(.text)
    ADC_GetFlagStatus                        0x080007af   Thumb Code    38  stm32f10x_adc.o(.text)
    ADC_ClearFlag                            0x080007d5   Thumb Code     6  stm32f10x_adc.o(.text)
    ADC_GetITStatus                          0x080007db   Thumb Code    36  stm32f10x_adc.o(.text)
    ADC_ClearITPendingBit                    0x080007ff   Thumb Code    10  stm32f10x_adc.o(.text)
    FLASH_SetLatency                         0x08000809   Thumb Code    22  stm32f10x_flash.o(.text)
    FLASH_HalfCycleAccessCmd                 0x0800081f   Thumb Code    22  stm32f10x_flash.o(.text)
    FLASH_PrefetchBufferCmd                  0x08000835   Thumb Code    22  stm32f10x_flash.o(.text)
    FLASH_Unlock                             0x0800084b   Thumb Code    12  stm32f10x_flash.o(.text)
    FLASH_Lock                               0x08000857   Thumb Code    14  stm32f10x_flash.o(.text)
    FLASH_GetStatus                          0x08000865   Thumb Code    48  stm32f10x_flash.o(.text)
    FLASH_WaitForLastOperation               0x080008af   Thumb Code    42  stm32f10x_flash.o(.text)
    FLASH_ErasePage                          0x080008d9   Thumb Code    76  stm32f10x_flash.o(.text)
    FLASH_EraseAllPages                      0x08000925   Thumb Code    72  stm32f10x_flash.o(.text)
    FLASH_EraseOptionBytes                   0x0800096d   Thumb Code   142  stm32f10x_flash.o(.text)
    FLASH_ProgramWord                        0x080009fb   Thumb Code   100  stm32f10x_flash.o(.text)
    FLASH_ProgramHalfWord                    0x08000a5f   Thumb Code    64  stm32f10x_flash.o(.text)
    FLASH_ProgramOptionByteData              0x08000a9f   Thumb Code    72  stm32f10x_flash.o(.text)
    FLASH_EnableWriteProtection              0x08000ae7   Thumb Code   182  stm32f10x_flash.o(.text)
    FLASH_ReadOutProtection                  0x08000b9d   Thumb Code   174  stm32f10x_flash.o(.text)
    FLASH_UserOptionByteConfig               0x08000c4b   Thumb Code    94  stm32f10x_flash.o(.text)
    FLASH_GetUserOptionByte                  0x08000ca9   Thumb Code     8  stm32f10x_flash.o(.text)
    FLASH_GetWriteProtectionOptionByte       0x08000cb1   Thumb Code     6  stm32f10x_flash.o(.text)
    FLASH_GetReadOutProtectionStatus         0x08000cb7   Thumb Code    20  stm32f10x_flash.o(.text)
    FLASH_GetPrefetchBufferStatus            0x08000ccb   Thumb Code    20  stm32f10x_flash.o(.text)
    FLASH_ITConfig                           0x08000cdf   Thumb Code    26  stm32f10x_flash.o(.text)
    FLASH_GetFlagStatus                      0x08000cf9   Thumb Code    42  stm32f10x_flash.o(.text)
    FLASH_ClearFlag                          0x08000d23   Thumb Code     6  stm32f10x_flash.o(.text)
    GPIO_DeInit                              0x08000d39   Thumb Code   188  stm32f10x_gpio.o(.text)
    GPIO_AFIODeInit                          0x08000df5   Thumb Code    20  stm32f10x_gpio.o(.text)
    GPIO_Init                                0x08000e09   Thumb Code   276  stm32f10x_gpio.o(.text)
    GPIO_StructInit                          0x08000f1d   Thumb Code    16  stm32f10x_gpio.o(.text)
    GPIO_ReadInputDataBit                    0x08000f2d   Thumb Code    18  stm32f10x_gpio.o(.text)
    GPIO_ReadInputData                       0x08000f3f   Thumb Code     8  stm32f10x_gpio.o(.text)
    GPIO_ReadOutputDataBit                   0x08000f47   Thumb Code    18  stm32f10x_gpio.o(.text)
    GPIO_ReadOutputData                      0x08000f59   Thumb Code     8  stm32f10x_gpio.o(.text)
    GPIO_SetBits                             0x08000f61   Thumb Code     4  stm32f10x_gpio.o(.text)
    GPIO_ResetBits                           0x08000f65   Thumb Code     4  stm32f10x_gpio.o(.text)
    GPIO_WriteBit                            0x08000f69   Thumb Code    10  stm32f10x_gpio.o(.text)
    GPIO_Write                               0x08000f73   Thumb Code     4  stm32f10x_gpio.o(.text)
    GPIO_PinLockConfig                       0x08000f77   Thumb Code    18  stm32f10x_gpio.o(.text)
    GPIO_EventOutputConfig                   0x08000f89   Thumb Code    26  stm32f10x_gpio.o(.text)
    GPIO_EventOutputCmd                      0x08000fa3   Thumb Code     6  stm32f10x_gpio.o(.text)
    GPIO_PinRemapConfig                      0x08000fa9   Thumb Code   106  stm32f10x_gpio.o(.text)
    GPIO_EXTILineConfig                      0x08001013   Thumb Code    66  stm32f10x_gpio.o(.text)
    NVIC_DeInit                              0x08001065   Thumb Code    54  stm32f10x_nvic.o(.text)
    NVIC_SCBDeInit                           0x0800109b   Thumb Code    76  stm32f10x_nvic.o(.text)
    NVIC_PriorityGroupConfig                 0x080010e7   Thumb Code    12  stm32f10x_nvic.o(.text)
    NVIC_Init                                0x080010f3   Thumb Code   152  stm32f10x_nvic.o(.text)
    NVIC_StructInit                          0x0800118b   Thumb Code    12  stm32f10x_nvic.o(.text)
    NVIC_SETPRIMASK                          0x08001197   Thumb Code     8  stm32f10x_nvic.o(.text)
    NVIC_RESETPRIMASK                        0x0800119f   Thumb Code     8  stm32f10x_nvic.o(.text)
    NVIC_SETFAULTMASK                        0x080011a7   Thumb Code     8  stm32f10x_nvic.o(.text)
    NVIC_RESETFAULTMASK                      0x080011af   Thumb Code     8  stm32f10x_nvic.o(.text)
    NVIC_BASEPRICONFIG                       0x080011b7   Thumb Code    12  stm32f10x_nvic.o(.text)
    NVIC_GetBASEPRI                          0x080011c3   Thumb Code     8  stm32f10x_nvic.o(.text)
    NVIC_GetCurrentPendingIRQChannel         0x080011cb   Thumb Code    10  stm32f10x_nvic.o(.text)
    NVIC_GetIRQChannelPendingBitStatus       0x080011d5   Thumb Code    42  stm32f10x_nvic.o(.text)
    NVIC_SetIRQChannelPendingBit             0x080011ff   Thumb Code     6  stm32f10x_nvic.o(.text)
    NVIC_ClearIRQChannelPendingBit           0x08001205   Thumb Code    20  stm32f10x_nvic.o(.text)
    NVIC_GetCurrentActiveHandler             0x08001219   Thumb Code    10  stm32f10x_nvic.o(.text)
    NVIC_GetIRQChannelActiveBitStatus        0x08001223   Thumb Code    42  stm32f10x_nvic.o(.text)
    NVIC_GetCPUID                            0x0800124d   Thumb Code     8  stm32f10x_nvic.o(.text)
    NVIC_SetVectorTable                      0x08001255   Thumb Code    14  stm32f10x_nvic.o(.text)
    NVIC_GenerateSystemReset                 0x08001263   Thumb Code    12  stm32f10x_nvic.o(.text)
    NVIC_GenerateCoreReset                   0x0800126f   Thumb Code    12  stm32f10x_nvic.o(.text)
    NVIC_SystemLPConfig                      0x0800127b   Thumb Code    34  stm32f10x_nvic.o(.text)
    NVIC_SystemHandlerConfig                 0x0800129d   Thumb Code    48  stm32f10x_nvic.o(.text)
    NVIC_SystemHandlerPriorityConfig         0x080012cd   Thumb Code   110  stm32f10x_nvic.o(.text)
    NVIC_GetSystemHandlerPendingBitStatus    0x0800133b   Thumb Code    44  stm32f10x_nvic.o(.text)
    NVIC_SetSystemHandlerPendingBit          0x08001367   Thumb Code    22  stm32f10x_nvic.o(.text)
    NVIC_ClearSystemHandlerPendingBit        0x0800137d   Thumb Code    26  stm32f10x_nvic.o(.text)
    NVIC_GetSystemHandlerActiveBitStatus     0x08001397   Thumb Code    42  stm32f10x_nvic.o(.text)
    NVIC_GetFaultHandlerSources              0x080013c1   Thumb Code    66  stm32f10x_nvic.o(.text)
    NVIC_GetFaultAddress                     0x08001403   Thumb Code    28  stm32f10x_nvic.o(.text)
    RCC_DeInit                               0x0800143d   Thumb Code    62  stm32f10x_rcc.o(.text)
    RCC_HSEConfig                            0x0800147b   Thumb Code    70  stm32f10x_rcc.o(.text)
    RCC_GetFlagStatus                        0x080014c1   Thumb Code    56  stm32f10x_rcc.o(.text)
    RCC_WaitForHSEStartUp                    0x080014f9   Thumb Code    62  stm32f10x_rcc.o(.text)
    RCC_AdjustHSICalibrationValue            0x08001537   Thumb Code    20  stm32f10x_rcc.o(.text)
    RCC_HSICmd                               0x0800154b   Thumb Code     6  stm32f10x_rcc.o(.text)
    RCC_PLLConfig                            0x08001551   Thumb Code    24  stm32f10x_rcc.o(.text)
    RCC_PLLCmd                               0x08001569   Thumb Code     6  stm32f10x_rcc.o(.text)
    RCC_SYSCLKConfig                         0x0800156f   Thumb Code    18  stm32f10x_rcc.o(.text)
    RCC_GetSYSCLKSource                      0x08001581   Thumb Code    10  stm32f10x_rcc.o(.text)
    RCC_HCLKConfig                           0x0800158b   Thumb Code    18  stm32f10x_rcc.o(.text)
    RCC_PCLK1Config                          0x0800159d   Thumb Code    18  stm32f10x_rcc.o(.text)
    RCC_PCLK2Config                          0x080015af   Thumb Code    20  stm32f10x_rcc.o(.text)
    RCC_ITConfig                             0x080015c3   Thumb Code    26  stm32f10x_rcc.o(.text)
    RCC_USBCLKConfig                         0x080015dd   Thumb Code     8  stm32f10x_rcc.o(.text)
    RCC_ADCCLKConfig                         0x080015e5   Thumb Code    18  stm32f10x_rcc.o(.text)
    RCC_LSEConfig                            0x080015f7   Thumb Code    50  stm32f10x_rcc.o(.text)
    RCC_LSICmd                               0x08001629   Thumb Code     6  stm32f10x_rcc.o(.text)
    RCC_RTCCLKConfig                         0x0800162f   Thumb Code    12  stm32f10x_rcc.o(.text)
    RCC_RTCCLKCmd                            0x0800163b   Thumb Code     8  stm32f10x_rcc.o(.text)
    RCC_GetClocksFreq                        0x08001643   Thumb Code   192  stm32f10x_rcc.o(.text)
    RCC_AHBPeriphClockCmd                    0x08001703   Thumb Code    26  stm32f10x_rcc.o(.text)
    RCC_APB2PeriphClockCmd                   0x0800171d   Thumb Code    26  stm32f10x_rcc.o(.text)
    RCC_APB1PeriphClockCmd                   0x08001737   Thumb Code    26  stm32f10x_rcc.o(.text)
    RCC_APB2PeriphResetCmd                   0x08001751   Thumb Code    26  stm32f10x_rcc.o(.text)
    RCC_APB1PeriphResetCmd                   0x0800176b   Thumb Code    26  stm32f10x_rcc.o(.text)
    RCC_BackupResetCmd                       0x08001785   Thumb Code     8  stm32f10x_rcc.o(.text)
    RCC_ClockSecuritySystemCmd               0x0800178d   Thumb Code     6  stm32f10x_rcc.o(.text)
    RCC_MCOConfig                            0x08001793   Thumb Code     6  stm32f10x_rcc.o(.text)
    RCC_ClearFlag                            0x08001799   Thumb Code    14  stm32f10x_rcc.o(.text)
    RCC_GetITStatus                          0x080017a7   Thumb Code    20  stm32f10x_rcc.o(.text)
    RCC_ClearITPendingBit                    0x080017bb   Thumb Code     6  stm32f10x_rcc.o(.text)
    TIM_DeInit                               0x080017ed   Thumb Code   214  stm32f10x_tim.o(.text)
    TIM_TimeBaseInit                         0x080018c3   Thumb Code    52  stm32f10x_tim.o(.text)
    TIM_OC1Init                              0x080018f7   Thumb Code   110  stm32f10x_tim.o(.text)
    TIM_OC2Init                              0x08001965   Thumb Code   148  stm32f10x_tim.o(.text)
    TIM_OC3Init                              0x080019f9   Thumb Code   144  stm32f10x_tim.o(.text)
    TIM_OC4Init                              0x08001a89   Thumb Code   106  stm32f10x_tim.o(.text)
    TIM_SetIC4Prescaler                      0x08001af3   Thumb Code    26  stm32f10x_tim.o(.text)
    TIM_SetIC3Prescaler                      0x08001b5f   Thumb Code    18  stm32f10x_tim.o(.text)
    TIM_SetIC2Prescaler                      0x08001bb9   Thumb Code    44  stm32f10x_tim.o(.text)
    TIM_SetIC1Prescaler                      0x08001c35   Thumb Code    18  stm32f10x_tim.o(.text)
    TIM_ICInit                               0x08001c7f   Thumb Code   110  stm32f10x_tim.o(.text)
    TIM_PWMIConfig                           0x08001ced   Thumb Code   124  stm32f10x_tim.o(.text)
    TIM_BDTRConfig                           0x08001d69   Thumb Code    32  stm32f10x_tim.o(.text)
    TIM_TimeBaseStructInit                   0x08001d89   Thumb Code    18  stm32f10x_tim.o(.text)
    TIM_OCStructInit                         0x08001d9b   Thumb Code    20  stm32f10x_tim.o(.text)
    TIM_ICStructInit                         0x08001daf   Thumb Code    18  stm32f10x_tim.o(.text)
    TIM_BDTRStructInit                       0x08001dc1   Thumb Code    18  stm32f10x_tim.o(.text)
    TIM_Cmd                                  0x08001dd3   Thumb Code    24  stm32f10x_tim.o(.text)
    TIM_CtrlPWMOutputs                       0x08001deb   Thumb Code    30  stm32f10x_tim.o(.text)
    TIM_ITConfig                             0x08001e09   Thumb Code    18  stm32f10x_tim.o(.text)
    TIM_GenerateEvent                        0x08001e1b   Thumb Code     4  stm32f10x_tim.o(.text)
    TIM_DMAConfig                            0x08001e1f   Thumb Code    10  stm32f10x_tim.o(.text)
    TIM_DMACmd                               0x08001e29   Thumb Code    18  stm32f10x_tim.o(.text)
    TIM_InternalClockConfig                  0x08001e3b   Thumb Code    12  stm32f10x_tim.o(.text)
    TIM_SelectInputTrigger                   0x08001e47   Thumb Code    18  stm32f10x_tim.o(.text)
    TIM_ITRxExternalClockConfig              0x08001e59   Thumb Code    24  stm32f10x_tim.o(.text)
    TIM_TIxExternalClockConfig               0x08001e71   Thumb Code    62  stm32f10x_tim.o(.text)
    TIM_ETRConfig                            0x08001eaf   Thumb Code    30  stm32f10x_tim.o(.text)
    TIM_ETRClockMode1Config                  0x08001ecd   Thumb Code    54  stm32f10x_tim.o(.text)
    TIM_ETRClockMode2Config                  0x08001f03   Thumb Code    32  stm32f10x_tim.o(.text)
    TIM_PrescalerConfig                      0x08001f23   Thumb Code     6  stm32f10x_tim.o(.text)
    TIM_CounterModeConfig                    0x08001f29   Thumb Code    18  stm32f10x_tim.o(.text)
    TIM_EncoderInterfaceConfig               0x08001f3b   Thumb Code    66  stm32f10x_tim.o(.text)
    TIM_ForcedOC1Config                      0x08001f7d   Thumb Code    18  stm32f10x_tim.o(.text)
    TIM_ForcedOC2Config                      0x08001f8f   Thumb Code    26  stm32f10x_tim.o(.text)
    TIM_ForcedOC3Config                      0x08001fa9   Thumb Code    18  stm32f10x_tim.o(.text)
    TIM_ForcedOC4Config                      0x08001fbb   Thumb Code    26  stm32f10x_tim.o(.text)
    TIM_ARRPreloadConfig                     0x08001fd5   Thumb Code    24  stm32f10x_tim.o(.text)
    TIM_SelectCOM                            0x08001fed   Thumb Code    24  stm32f10x_tim.o(.text)
    TIM_SelectCCDMA                          0x08002005   Thumb Code    24  stm32f10x_tim.o(.text)
    TIM_CCPreloadControl                     0x0800201d   Thumb Code    24  stm32f10x_tim.o(.text)
    TIM_OC1PreloadConfig                     0x08002035   Thumb Code    18  stm32f10x_tim.o(.text)
    TIM_OC2PreloadConfig                     0x08002047   Thumb Code    26  stm32f10x_tim.o(.text)
    TIM_OC3PreloadConfig                     0x08002061   Thumb Code    18  stm32f10x_tim.o(.text)
    TIM_OC4PreloadConfig                     0x08002073   Thumb Code    26  stm32f10x_tim.o(.text)
    TIM_OC1FastConfig                        0x0800208d   Thumb Code    18  stm32f10x_tim.o(.text)
    TIM_OC2FastConfig                        0x0800209f   Thumb Code    26  stm32f10x_tim.o(.text)
    TIM_OC3FastConfig                        0x080020b9   Thumb Code    18  stm32f10x_tim.o(.text)
    TIM_OC4FastConfig                        0x080020cb   Thumb Code    26  stm32f10x_tim.o(.text)
    TIM_ClearOC1Ref                          0x080020e5   Thumb Code    18  stm32f10x_tim.o(.text)
    TIM_ClearOC2Ref                          0x080020f7   Thumb Code    24  stm32f10x_tim.o(.text)
    TIM_ClearOC3Ref                          0x0800210f   Thumb Code    18  stm32f10x_tim.o(.text)
    TIM_ClearOC4Ref                          0x08002121   Thumb Code    24  stm32f10x_tim.o(.text)
    TIM_OC1PolarityConfig                    0x08002139   Thumb Code    18  stm32f10x_tim.o(.text)
    TIM_OC1NPolarityConfig                   0x0800214b   Thumb Code    18  stm32f10x_tim.o(.text)
    TIM_OC2PolarityConfig                    0x0800215d   Thumb Code    26  stm32f10x_tim.o(.text)
    TIM_OC2NPolarityConfig                   0x08002177   Thumb Code    26  stm32f10x_tim.o(.text)
    TIM_OC3PolarityConfig                    0x08002191   Thumb Code    26  stm32f10x_tim.o(.text)
    TIM_OC3NPolarityConfig                   0x080021ab   Thumb Code    26  stm32f10x_tim.o(.text)
    TIM_OC4PolarityConfig                    0x080021c5   Thumb Code    26  stm32f10x_tim.o(.text)
    TIM_CCxCmd                               0x080021df   Thumb Code    26  stm32f10x_tim.o(.text)
    TIM_CCxNCmd                              0x080021f9   Thumb Code    26  stm32f10x_tim.o(.text)
    TIM_SelectOCxM                           0x08002213   Thumb Code   108  stm32f10x_tim.o(.text)
    TIM_UpdateDisableConfig                  0x0800227f   Thumb Code    24  stm32f10x_tim.o(.text)
    TIM_UpdateRequestConfig                  0x08002297   Thumb Code    24  stm32f10x_tim.o(.text)
    TIM_SelectHallSensor                     0x080022af   Thumb Code    24  stm32f10x_tim.o(.text)
    TIM_SelectOnePulseMode                   0x080022c7   Thumb Code    18  stm32f10x_tim.o(.text)
    TIM_SelectOutputTrigger                  0x080022d9   Thumb Code    18  stm32f10x_tim.o(.text)
    TIM_SelectSlaveMode                      0x080022eb   Thumb Code    18  stm32f10x_tim.o(.text)
    TIM_SelectMasterSlaveMode                0x080022fd   Thumb Code    18  stm32f10x_tim.o(.text)
    TIM_SetCounter                           0x0800230f   Thumb Code     4  stm32f10x_tim.o(.text)
    TIM_SetAutoreload                        0x08002313   Thumb Code     4  stm32f10x_tim.o(.text)
    TIM_SetCompare1                          0x08002317   Thumb Code     4  stm32f10x_tim.o(.text)
    TIM_SetCompare2                          0x0800231b   Thumb Code     4  stm32f10x_tim.o(.text)
    TIM_SetCompare3                          0x0800231f   Thumb Code     4  stm32f10x_tim.o(.text)
    TIM_SetCompare4                          0x08002323   Thumb Code     6  stm32f10x_tim.o(.text)
    TIM_SetClockDivision                     0x08002329   Thumb Code    14  stm32f10x_tim.o(.text)
    TIM_GetCapture1                          0x08002337   Thumb Code     6  stm32f10x_tim.o(.text)
    TIM_GetCapture2                          0x0800233d   Thumb Code     6  stm32f10x_tim.o(.text)
    TIM_GetCapture3                          0x08002343   Thumb Code     6  stm32f10x_tim.o(.text)
    TIM_GetCapture4                          0x08002349   Thumb Code     8  stm32f10x_tim.o(.text)
    TIM_GetCounter                           0x08002351   Thumb Code     6  stm32f10x_tim.o(.text)
    TIM_GetPrescaler                         0x08002357   Thumb Code     6  stm32f10x_tim.o(.text)
    TIM_GetFlagStatus                        0x0800235d   Thumb Code    18  stm32f10x_tim.o(.text)
    TIM_ClearFlag                            0x0800236f   Thumb Code     6  stm32f10x_tim.o(.text)
    TIM_GetITStatus                          0x08002375   Thumb Code    34  stm32f10x_tim.o(.text)
    TIM_ClearITPendingBit                    0x08002397   Thumb Code     6  stm32f10x_tim.o(.text)
    TIM1_DeInit                              0x0800239d   Thumb Code    22  stm32f10x_tim1.o(.text)
    TIM1_TimeBaseInit                        0x080023b3   Thumb Code    58  stm32f10x_tim1.o(.text)
    TIM1_OC1Init                             0x080023ed   Thumb Code    76  stm32f10x_tim1.o(.text)
    TIM1_OC2Init                             0x08002439   Thumb Code    84  stm32f10x_tim1.o(.text)
    TIM1_OC3Init                             0x0800248d   Thumb Code    80  stm32f10x_tim1.o(.text)
    TIM1_OC4Init                             0x080024dd   Thumb Code    62  stm32f10x_tim1.o(.text)
    TIM1_BDTRConfig                          0x0800251b   Thumb Code    44  stm32f10x_tim1.o(.text)
    TIM1_SetIC4Prescaler                     0x08002547   Thumb Code    34  stm32f10x_tim1.o(.text)
    TIM1_SetIC3Prescaler                     0x080025ad   Thumb Code    26  stm32f10x_tim1.o(.text)
    TIM1_SetIC2Prescaler                     0x080025fd   Thumb Code    34  stm32f10x_tim1.o(.text)
    TIM1_SetIC1Prescaler                     0x08002663   Thumb Code    26  stm32f10x_tim1.o(.text)
    TIM1_ICInit                              0x080026af   Thumb Code    92  stm32f10x_tim1.o(.text)
    TIM1_PWMIConfig                          0x0800270b   Thumb Code   102  stm32f10x_tim1.o(.text)
    TIM1_OCStructInit                        0x08002771   Thumb Code    20  stm32f10x_tim1.o(.text)
    TIM1_ICStructInit                        0x08002785   Thumb Code    32  stm32f10x_tim1.o(.text)
    TIM1_TimeBaseStructInit                  0x080027a5   Thumb Code    18  stm32f10x_tim1.o(.text)
    TIM1_BDTRStructInit                      0x080027b7   Thumb Code    18  stm32f10x_tim1.o(.text)
    TIM1_Cmd                                 0x080027c9   Thumb Code     6  stm32f10x_tim1.o(.text)
    TIM1_CtrlPWMOutputs                      0x080027cf   Thumb Code     6  stm32f10x_tim1.o(.text)
    TIM1_ITConfig                            0x080027d5   Thumb Code    28  stm32f10x_tim1.o(.text)
    TIM1_DMAConfig                           0x080027f1   Thumb Code    26  stm32f10x_tim1.o(.text)
    TIM1_DMACmd                              0x0800280b   Thumb Code    30  stm32f10x_tim1.o(.text)
    TIM1_InternalClockConfig                 0x08002829   Thumb Code    20  stm32f10x_tim1.o(.text)
    TIM1_ETRConfig                           0x0800283d   Thumb Code    42  stm32f10x_tim1.o(.text)
    TIM1_ETRClockMode1Config                 0x08002867   Thumb Code    74  stm32f10x_tim1.o(.text)
    TIM1_ETRClockMode2Config                 0x080028b1   Thumb Code    26  stm32f10x_tim1.o(.text)
    TIM1_SelectInputTrigger                  0x080028cb   Thumb Code    26  stm32f10x_tim1.o(.text)
    TIM1_ITRxExternalClockConfig             0x080028e5   Thumb Code    28  stm32f10x_tim1.o(.text)
    TIM1_TIxExternalClockConfig              0x08002901   Thumb Code    58  stm32f10x_tim1.o(.text)
    TIM1_UpdateDisableConfig                 0x0800293b   Thumb Code     6  stm32f10x_tim1.o(.text)
    TIM1_UpdateRequestConfig                 0x08002941   Thumb Code     6  stm32f10x_tim1.o(.text)
    TIM1_SelectHallSensor                    0x08002947   Thumb Code     8  stm32f10x_tim1.o(.text)
    TIM1_SelectOnePulseMode                  0x0800294f   Thumb Code     6  stm32f10x_tim1.o(.text)
    TIM1_SelectOutputTrigger                 0x08002955   Thumb Code    22  stm32f10x_tim1.o(.text)
    TIM1_SelectSlaveMode                     0x0800296b   Thumb Code    26  stm32f10x_tim1.o(.text)
    TIM1_SelectMasterSlaveMode               0x08002985   Thumb Code     8  stm32f10x_tim1.o(.text)
    TIM1_EncoderInterfaceConfig              0x0800298d   Thumb Code    66  stm32f10x_tim1.o(.text)
    TIM1_PrescalerConfig                     0x080029cf   Thumb Code    12  stm32f10x_tim1.o(.text)
    TIM1_CounterModeConfig                   0x080029db   Thumb Code    26  stm32f10x_tim1.o(.text)
    TIM1_ForcedOC1Config                     0x080029f5   Thumb Code    26  stm32f10x_tim1.o(.text)
    TIM1_ForcedOC2Config                     0x08002a0f   Thumb Code    28  stm32f10x_tim1.o(.text)
    TIM1_ForcedOC3Config                     0x08002a2b   Thumb Code    26  stm32f10x_tim1.o(.text)
    TIM1_ForcedOC4Config                     0x08002a45   Thumb Code    34  stm32f10x_tim1.o(.text)
    TIM1_ARRPreloadConfig                    0x08002a67   Thumb Code     6  stm32f10x_tim1.o(.text)
    TIM1_SelectCOM                           0x08002a6d   Thumb Code     8  stm32f10x_tim1.o(.text)
    TIM1_SelectCCDMA                         0x08002a75   Thumb Code     8  stm32f10x_tim1.o(.text)
    TIM1_CCPreloadControl                    0x08002a7d   Thumb Code     8  stm32f10x_tim1.o(.text)
    TIM1_OC1PreloadConfig                    0x08002a85   Thumb Code     8  stm32f10x_tim1.o(.text)
    TIM1_OC2PreloadConfig                    0x08002a8d   Thumb Code     8  stm32f10x_tim1.o(.text)
    TIM1_OC3PreloadConfig                    0x08002a95   Thumb Code     8  stm32f10x_tim1.o(.text)
    TIM1_OC4PreloadConfig                    0x08002a9d   Thumb Code     8  stm32f10x_tim1.o(.text)
    TIM1_OC1FastConfig                       0x08002aa5   Thumb Code     8  stm32f10x_tim1.o(.text)
    TIM1_OC2FastConfig                       0x08002aad   Thumb Code     8  stm32f10x_tim1.o(.text)
    TIM1_OC3FastConfig                       0x08002ab5   Thumb Code     8  stm32f10x_tim1.o(.text)
    TIM1_OC4FastConfig                       0x08002abd   Thumb Code     8  stm32f10x_tim1.o(.text)
    TIM1_ClearOC1Ref                         0x08002ac5   Thumb Code     8  stm32f10x_tim1.o(.text)
    TIM1_ClearOC2Ref                         0x08002acd   Thumb Code     8  stm32f10x_tim1.o(.text)
    TIM1_ClearOC3Ref                         0x08002ad5   Thumb Code     8  stm32f10x_tim1.o(.text)
    TIM1_ClearOC4Ref                         0x08002add   Thumb Code     8  stm32f10x_tim1.o(.text)
    TIM1_GenerateEvent                       0x08002ae5   Thumb Code    16  stm32f10x_tim1.o(.text)
    TIM1_OC1PolarityConfig                   0x08002af5   Thumb Code     6  stm32f10x_tim1.o(.text)
    TIM1_OC1NPolarityConfig                  0x08002afb   Thumb Code     8  stm32f10x_tim1.o(.text)
    TIM1_OC2PolarityConfig                   0x08002b03   Thumb Code     8  stm32f10x_tim1.o(.text)
    TIM1_OC2NPolarityConfig                  0x08002b0b   Thumb Code     8  stm32f10x_tim1.o(.text)
    TIM1_OC3PolarityConfig                   0x08002b13   Thumb Code     8  stm32f10x_tim1.o(.text)
    TIM1_OC3NPolarityConfig                  0x08002b1b   Thumb Code     8  stm32f10x_tim1.o(.text)
    TIM1_OC4PolarityConfig                   0x08002b23   Thumb Code     8  stm32f10x_tim1.o(.text)
    TIM1_CCxCmd                              0x08002b2b   Thumb Code    42  stm32f10x_tim1.o(.text)
    TIM1_CCxNCmd                             0x08002b55   Thumb Code    30  stm32f10x_tim1.o(.text)
    TIM1_SelectOCxM                          0x08002b73   Thumb Code   180  stm32f10x_tim1.o(.text)
    TIM1_SetCounter                          0x08002c27   Thumb Code     8  stm32f10x_tim1.o(.text)
    TIM1_SetAutoreload                       0x08002c2f   Thumb Code     8  stm32f10x_tim1.o(.text)
    TIM1_SetCompare1                         0x08002c37   Thumb Code     8  stm32f10x_tim1.o(.text)
    TIM1_SetCompare2                         0x08002c3f   Thumb Code     8  stm32f10x_tim1.o(.text)
    TIM1_SetCompare3                         0x08002c47   Thumb Code     8  stm32f10x_tim1.o(.text)
    TIM1_SetCompare4                         0x08002c4f   Thumb Code     8  stm32f10x_tim1.o(.text)
    TIM1_SetClockDivision                    0x08002c57   Thumb Code    20  stm32f10x_tim1.o(.text)
    TIM1_GetCapture1                         0x08002c6b   Thumb Code     8  stm32f10x_tim1.o(.text)
    TIM1_GetCapture2                         0x08002c73   Thumb Code     8  stm32f10x_tim1.o(.text)
    TIM1_GetCapture3                         0x08002c7b   Thumb Code     8  stm32f10x_tim1.o(.text)
    TIM1_GetCapture4                         0x08002c83   Thumb Code     8  stm32f10x_tim1.o(.text)
    TIM1_GetCounter                          0x08002c8b   Thumb Code     8  stm32f10x_tim1.o(.text)
    TIM1_GetPrescaler                        0x08002c93   Thumb Code     8  stm32f10x_tim1.o(.text)
    TIM1_GetFlagStatus                       0x08002c9b   Thumb Code    22  stm32f10x_tim1.o(.text)
    TIM1_ClearFlag                           0x08002cb1   Thumb Code    16  stm32f10x_tim1.o(.text)
    TIM1_GetITStatus                         0x08002cc1   Thumb Code    42  stm32f10x_tim1.o(.text)
    TIM1_ClearITPendingBit                   0x08002ceb   Thumb Code    16  stm32f10x_tim1.o(.text)
    USART_DeInit                             0x08002d05   Thumb Code   146  stm32f10x_usart.o(.text)
    USART_Init                               0x08002d97   Thumb Code   150  stm32f10x_usart.o(.text)
    USART_StructInit                         0x08002e2d   Thumb Code    24  stm32f10x_usart.o(.text)
    USART_ClockInit                          0x08002e45   Thumb Code    34  stm32f10x_usart.o(.text)
    USART_ClockStructInit                    0x08002e67   Thumb Code    12  stm32f10x_usart.o(.text)
    USART_Cmd                                0x08002e73   Thumb Code    24  stm32f10x_usart.o(.text)
    USART_ITConfig                           0x08002e8b   Thumb Code    64  stm32f10x_usart.o(.text)
    USART_DMACmd                             0x08002ecb   Thumb Code    18  stm32f10x_usart.o(.text)
    USART_SetAddress                         0x08002edd   Thumb Code    18  stm32f10x_usart.o(.text)
    USART_WakeUpConfig                       0x08002eef   Thumb Code    18  stm32f10x_usart.o(.text)
    USART_ReceiverWakeUpCmd                  0x08002f01   Thumb Code    24  stm32f10x_usart.o(.text)
    USART_LINBreakDetectLengthConfig         0x08002f19   Thumb Code    18  stm32f10x_usart.o(.text)
    USART_LINCmd                             0x08002f2b   Thumb Code    24  stm32f10x_usart.o(.text)
    USART_SendData                           0x08002f43   Thumb Code     8  stm32f10x_usart.o(.text)
    USART_ReceiveData                        0x08002f4b   Thumb Code    10  stm32f10x_usart.o(.text)
    USART_SendBreak                          0x08002f55   Thumb Code    10  stm32f10x_usart.o(.text)
    USART_SetGuardTime                       0x08002f5f   Thumb Code    16  stm32f10x_usart.o(.text)
    USART_SetPrescaler                       0x08002f6f   Thumb Code    16  stm32f10x_usart.o(.text)
    USART_SmartCardCmd                       0x08002f7f   Thumb Code    24  stm32f10x_usart.o(.text)
    USART_SmartCardNACKCmd                   0x08002f97   Thumb Code    24  stm32f10x_usart.o(.text)
    USART_HalfDuplexCmd                      0x08002faf   Thumb Code    24  stm32f10x_usart.o(.text)
    USART_IrDAConfig                         0x08002fc7   Thumb Code    18  stm32f10x_usart.o(.text)
    USART_IrDACmd                            0x08002fd9   Thumb Code    24  stm32f10x_usart.o(.text)
    USART_GetFlagStatus                      0x08002ff1   Thumb Code    18  stm32f10x_usart.o(.text)
    USART_ClearFlag                          0x08003003   Thumb Code     6  stm32f10x_usart.o(.text)
    USART_GetITStatus                        0x08003009   Thumb Code    76  stm32f10x_usart.o(.text)
    USART_ClearITPendingBit                  0x08003055   Thumb Code    20  stm32f10x_usart.o(.text)
    delay_init                               0x08003075   Thumb Code    56  delay.o(.text)
    delay_ms                                 0x080030ad   Thumb Code    56  delay.o(.text)
    delay_us                                 0x080030e5   Thumb Code    56  delay.o(.text)
    _sys_exit                                0x08003125   Thumb Code     6  usart.o(.text)
    fputc                                    0x0800312b   Thumb Code    24  usart.o(.text)
    u32tostr                                 0x08003143   Thumb Code    88  usart.o(.text)
    strtou32                                 0x0800319b   Thumb Code    54  usart.o(.text)
    Usart_Configuration                      0x080031d1   Thumb Code   152  usart.o(.text)
    USART1_Putc                              0x08003269   Thumb Code    22  usart.o(.text)
    USART1_Puts                              0x0800327f   Thumb Code    34  usart.o(.text)
    UART_Send_Enter                          0x080032a1   Thumb Code    16  usart.o(.text)
    UART_Send_Str                            0x080032b1   Thumb Code    34  usart.o(.text)
    UART_Put_Num                             0x080032d3   Thumb Code    24  usart.o(.text)
    UART_Put_Inf                             0x080032eb   Thumb Code    26  usart.o(.text)
    usart1_niming_report                     0x08003305   Thumb Code   120  usart.o(.text)
    debug_send_data                          0x0800337d   Thumb Code    70  usart.o(.text)
    Encoder_InitConfig                       0x080033d1   Thumb Code   260  encode.o(.text)
    TIM3_Start                               0x080034d5   Thumb Code    30  encode.o(.text)
    MotorMsg_InitConfig                      0x080034f3   Thumb Code    22  encode.o(.text)
    TIM3_Process                             0x08003509   Thumb Code   252  encode.o(.text)
    PIDStruct_Init                           0x08003629   Thumb Code    26  pid.o(.text)
    PID_Param_Init                           0x08003643   Thumb Code    18  pid.o(.text)
    PID_InitConfig                           0x08003655   Thumb Code    62  pid.o(.text)
    PIDCalc                                  0x08003693   Thumb Code   226  pid.o(.text)
    ADC1_Config                              0x0800379d   Thumb Code   152  adc.o(.text)
    Get_ADC_Value                            0x08003835   Thumb Code    52  adc.o(.text)
    CurrentZeroPointConfirm                  0x08003869   Thumb Code   198  adc.o(.text)
    Get_Current                              0x0800392f   Thumb Code   124  adc.o(.text)
    all_init                                 0x080039d1   Thumb Code    52  init.o(.text)
    TIM1_Config                              0x08003a09   Thumb Code   188  spwm.o(.text)
    SetMotorPWM                              0x08003ac5   Thumb Code    58  spwm.o(.text)
    KalmanfilterInit                         0x08003b09   Thumb Code    42  kalman.o(.text)
    kalmanfilter                             0x08003b33   Thumb Code   182  kalman.o(.text)
    __WFI                                    0x08003bf5   Thumb Code     0  cortexm3_macro.o(.text)
    __WFE                                    0x08003bf9   Thumb Code     0  cortexm3_macro.o(.text)
    __SEV                                    0x08003bfd   Thumb Code     0  cortexm3_macro.o(.text)
    __ISB                                    0x08003c01   Thumb Code     0  cortexm3_macro.o(.text)
    __DSB                                    0x08003c07   Thumb Code     0  cortexm3_macro.o(.text)
    __DMB                                    0x08003c0d   Thumb Code     0  cortexm3_macro.o(.text)
    __SVC                                    0x08003c13   Thumb Code     0  cortexm3_macro.o(.text)
    __MRS_CONTROL                            0x08003c17   Thumb Code     0  cortexm3_macro.o(.text)
    __MSR_CONTROL                            0x08003c1d   Thumb Code     0  cortexm3_macro.o(.text)
    __MRS_PSP                                0x08003c27   Thumb Code     0  cortexm3_macro.o(.text)
    __MSR_PSP                                0x08003c2d   Thumb Code     0  cortexm3_macro.o(.text)
    __MRS_MSP                                0x08003c33   Thumb Code     0  cortexm3_macro.o(.text)
    __MSR_MSP                                0x08003c39   Thumb Code     0  cortexm3_macro.o(.text)
    __RESETPRIMASK                           0x08003c3f   Thumb Code     0  cortexm3_macro.o(.text)
    __SETPRIMASK                             0x08003c43   Thumb Code     0  cortexm3_macro.o(.text)
    __READ_PRIMASK                           0x08003c47   Thumb Code     0  cortexm3_macro.o(.text)
    __SETFAULTMASK                           0x08003c4d   Thumb Code     0  cortexm3_macro.o(.text)
    __RESETFAULTMASK                         0x08003c51   Thumb Code     0  cortexm3_macro.o(.text)
    __READ_FAULTMASK                         0x08003c55   Thumb Code     0  cortexm3_macro.o(.text)
    __BASEPRICONFIG                          0x08003c5b   Thumb Code     0  cortexm3_macro.o(.text)
    __GetBASEPRI                             0x08003c61   Thumb Code     0  cortexm3_macro.o(.text)
    __REV_HalfWord                           0x08003c67   Thumb Code     0  cortexm3_macro.o(.text)
    __REV_Word                               0x08003c6b   Thumb Code     0  cortexm3_macro.o(.text)
    Reset_Handler                            0x08003c71   Thumb Code     4  stm32f10x_vector.o(.text)
    __user_initial_stackheap                 0x08003c75   Thumb Code     0  stm32f10x_vector.o(.text)
    __use_no_semihosting                     0x08003c95   Thumb Code     2  use_no_semi_2.o(.text)
    __2printf                                0x08003c99   Thumb Code    20  noretval__2printf.o(.text)
    __printf                                 0x08003cb1   Thumb Code   270  __printf_wp.o(.text)
    strlen                                   0x08003dbf   Thumb Code    62  strlen.o(.text)
    __use_two_region_memory                  0x08003dfd   Thumb Code     2  heapauxi.o(.text)
    __rt_heap_escrow$2region                 0x08003dff   Thumb Code     2  heapauxi.o(.text)
    __rt_heap_expand$2region                 0x08003e01   Thumb Code     2  heapauxi.o(.text)
    __I$use$semihosting                      0x08003e03   Thumb Code     0  use_no_semi.o(.text)
    __use_no_semihosting_swi                 0x08003e03   Thumb Code     2  use_no_semi.o(.text)
    __lib_sel_fp_printf                      0x08003e05   Thumb Code     2  _printf_fp_dec.o(.text)
    _printf_fp_dec_real                      0x08003fb3   Thumb Code   620  _printf_fp_dec.o(.text)
    _printf_char_file                        0x08004221   Thumb Code    32  _printf_char_file.o(.text)
    __rt_locale                              0x08004245   Thumb Code     8  rt_locale_intlibspace.o(.text)
    _ll_udiv10                               0x0800424d   Thumb Code   138  lludiv10.o(.text)
    _printf_char_common                      0x080042e3   Thumb Code    32  _printf_char_common.o(.text)
    _printf_fp_infnan                        0x08004309   Thumb Code   112  _printf_fp_infnan.o(.text)
    _btod_etento                             0x08004389   Thumb Code   216  bigflt0.o(.text)
    ferror                                   0x08004465   Thumb Code     8  ferror.o(.text)
    __user_libspace                          0x0800446d   Thumb Code     8  libspace.o(.text)
    __user_perproc_libspace                  0x0800446d   Thumb Code     0  libspace.o(.text)
    __user_perthread_libspace                0x0800446d   Thumb Code     0  libspace.o(.text)
    __user_setup_stackheap                   0x08004475   Thumb Code    74  sys_stackheap_outer.o(.text)
    exit                                     0x080044bf   Thumb Code    18  exit.o(.text)
    strcmp                                   0x080044d1   Thumb Code   128  strcmpv7m.o(.text)
    _btod_d2e                                0x08004551   Thumb Code    62  btod.o(CL$$btod_d2e)
    _d2e_denorm_low                          0x0800458f   Thumb Code    70  btod.o(CL$$btod_d2e_denorm_low)
    _d2e_norm_op1                            0x080045d5   Thumb Code    96  btod.o(CL$$btod_d2e_norm_op1)
    __btod_div_common                        0x08004635   Thumb Code   696  btod.o(CL$$btod_div_common)
    _e2e                                     0x0800496d   Thumb Code   198  btod.o(CL$$btod_e2e)
    _btod_ediv                               0x08004a33   Thumb Code    40  btod.o(CL$$btod_ediv)
    _btod_emul                               0x08004a5b   Thumb Code    40  btod.o(CL$$btod_emul)
    __btod_mult_common                       0x08004a83   Thumb Code   580  btod.o(CL$$btod_mult_common)
    __ARM_fpclassify                         0x08004cc7   Thumb Code    40  fpclassify.o(i.__ARM_fpclassify)
    _is_digit                                0x08004cef   Thumb Code    14  __printf_wp.o(i._is_digit)
    _get_lc_numeric                          0x08004cfd   Thumb Code    44  lc_numeric_c.o(locale$$code)
    __aeabi_d2f                              0x08004d29   Thumb Code     0  d2f.o(x$fpl$d2f)
    _d2f                                     0x08004d29   Thumb Code    98  d2f.o(x$fpl$d2f)
    __aeabi_ddiv                             0x08004d8d   Thumb Code     0  ddiv.o(x$fpl$ddiv)
    _ddiv                                    0x08004d8d   Thumb Code   552  ddiv.o(x$fpl$ddiv)
    __aeabi_i2d                              0x0800503d   Thumb Code     0  dflt_clz.o(x$fpl$dflt)
    _dflt                                    0x0800503d   Thumb Code    46  dflt_clz.o(x$fpl$dflt)
    __aeabi_dmul                             0x0800506d   Thumb Code     0  dmul.o(x$fpl$dmul)
    _dmul                                    0x0800506d   Thumb Code   332  dmul.o(x$fpl$dmul)
    __fpl_dnaninf                            0x080051c1   Thumb Code   156  dnaninf.o(x$fpl$dnaninf)
    __fpl_dretinf                            0x0800525d   Thumb Code    12  dretinf.o(x$fpl$dretinf)
    __aeabi_f2d                              0x08005269   Thumb Code     0  f2d.o(x$fpl$f2d)
    _f2d                                     0x08005269   Thumb Code    86  f2d.o(x$fpl$f2d)
    __aeabi_fadd                             0x080052c1   Thumb Code     0  faddsub_clz.o(x$fpl$fadd)
    _fadd                                    0x080052c1   Thumb Code   196  faddsub_clz.o(x$fpl$fadd)
    __fpl_fcmp_Inf                           0x08005385   Thumb Code    24  fcmpi.o(x$fpl$fcmpinf)
    __aeabi_fdiv                             0x0800539d   Thumb Code     0  fdiv.o(x$fpl$fdiv)
    _fdiv                                    0x0800539d   Thumb Code   384  fdiv.o(x$fpl$fdiv)
    __aeabi_cfcmpeq                          0x08005521   Thumb Code     0  feqf.o(x$fpl$feqf)
    _fcmpeq                                  0x08005521   Thumb Code   104  feqf.o(x$fpl$feqf)
    __aeabi_f2uiz                            0x08005589   Thumb Code     0  ffixu.o(x$fpl$ffixu)
    _ffixu                                   0x08005589   Thumb Code    62  ffixu.o(x$fpl$ffixu)
    __aeabi_i2f                              0x080055c9   Thumb Code     0  fflt_clz.o(x$fpl$fflt)
    _fflt                                    0x080055c9   Thumb Code    48  fflt_clz.o(x$fpl$fflt)
    __aeabi_ui2f                             0x080055f9   Thumb Code     0  fflt_clz.o(x$fpl$ffltu)
    _ffltu                                   0x080055f9   Thumb Code    38  fflt_clz.o(x$fpl$ffltu)
    __aeabi_cfcmple                          0x08005621   Thumb Code     0  fleqf.o(x$fpl$fleqf)
    _fcmple                                  0x08005621   Thumb Code   104  fleqf.o(x$fpl$fleqf)
    __fpl_fcmple_InfNaN                      0x08005673   Thumb Code     0  fleqf.o(x$fpl$fleqf)
    __aeabi_fmul                             0x08005689   Thumb Code     0  fmul.o(x$fpl$fmul)
    _fmul                                    0x08005689   Thumb Code   258  fmul.o(x$fpl$fmul)
    __fpl_fnaninf                            0x0800578b   Thumb Code   140  fnaninf.o(x$fpl$fnaninf)
    __fpl_fretinf                            0x08005817   Thumb Code    10  fretinf.o(x$fpl$fretinf)
    __aeabi_cfrcmple                         0x08005821   Thumb Code     0  frleqf.o(x$fpl$frleqf)
    _frcmple                                 0x08005821   Thumb Code    98  frleqf.o(x$fpl$frleqf)
    __aeabi_frsub                            0x08005883   Thumb Code     0  faddsub_clz.o(x$fpl$frsb)
    _frsb                                    0x08005883   Thumb Code    20  faddsub_clz.o(x$fpl$frsb)
    __aeabi_fsub                             0x08005899   Thumb Code     0  faddsub_clz.o(x$fpl$fsub)
    _fsub                                    0x08005899   Thumb Code   234  faddsub_clz.o(x$fpl$fsub)
    _printf_fp_dec                           0x08005983   Thumb Code     4  printf1.o(x$fpl$printf1)
    __I$use$fp                               0x08005986   Number         0  usenofp.o(x$fpl$usenofp)
    Region$$Table$$Base                      0x08005a30   Number         0  anon$$obj.o(Region$$Table)
    Region$$Table$$Limit                     0x08005a50   Number         0  anon$$obj.o(Region$$Table)
    __stdout                                 0x2000000c   Data           4  usart.o(.data)
    pwm                                      0x20000010   Data           4  encode.o(.data)
    n                                        0x20000014   Data           8  encode.o(.data)
    a                                        0x2000001c   Data           4  encode.o(.data)
    f                                        0x20000020   Data           4  encode.o(.data)
    CurrentZeroPoint                         0x20000024   Data           4  adc.o(.data)
    MotorMsg                                 0x20000028   Data          20  encode.o(.bss)
    MotorTime                                0x2000003c   Data          16  encode.o(.bss)
    PID_Motor_P                              0x2000004c   Data          44  pid.o(.bss)
    PID_Motor_V                              0x20000078   Data          44  pid.o(.bss)
    PID_Motor_I                              0x200000a4   Data          44  pid.o(.bss)
    pid_config                               0x200000d0   Data          44  pid.o(.bss)
    Kalman                                   0x200000fc   Data          44  kalman.o(.bss)
    __libspace_start                         0x20000128   Data          96  libspace.o(.bss)
    __temporary_stack_top$libspace           0x20000188   Data           0  libspace.o(.bss)



==============================================================================

Memory Map of the image

  Image Entry point : 0x08000131

  Load Region LR_IROM1 (Base: 0x08000000, Size: 0x00005a94, Max: 0x00010000, ABSOLUTE)

    Execution Region ER_IROM1 (Base: 0x08000000, Size: 0x00005a6c, Max: 0x00010000, ABSOLUTE)

    Base Addr    Size         Type   Attr      Idx    E Section Name        Object

    0x08000000   0x00000130   Data   RO          612    RESET               stm32f10x_vector.o
    0x08000130   0x00000008   Code   RO          653  * !!!main             c_w.l(__main.o)
    0x08000138   0x00000034   Code   RO          921    !!!scatter          c_w.l(__scatter.o)
    0x0800016c   0x0000001a   Code   RO          923    !!handler_copy      c_w.l(__scatter_copy.o)
    0x08000186   0x00000002   PAD
    0x08000188   0x0000001c   Code   RO          925    !!handler_zi        c_w.l(__scatter_zi.o)
    0x080001a4   0x00000000   Code   RO          648    .ARM.Collect$$_printf_percent$$00000000  c_w.l(_printf_percent.o)
    0x080001a4   0x00000006   Code   RO          647    .ARM.Collect$$_printf_percent$$00000003  c_w.l(_printf_f.o)
    0x080001aa   0x00000004   Code   RO          706    .ARM.Collect$$_printf_percent$$00000017  c_w.l(_printf_percent_end.o)
    0x080001ae   0x00000002   Code   RO          798    .ARM.Collect$$libinit$$00000000  c_w.l(libinit.o)
    0x080001b0   0x00000000   Code   RO          800    .ARM.Collect$$libinit$$00000002  c_w.l(libinit2.o)
    0x080001b0   0x00000000   Code   RO          802    .ARM.Collect$$libinit$$00000004  c_w.l(libinit2.o)
    0x080001b0   0x00000000   Code   RO          805    .ARM.Collect$$libinit$$0000000A  c_w.l(libinit2.o)
    0x080001b0   0x00000000   Code   RO          807    .ARM.Collect$$libinit$$0000000C  c_w.l(libinit2.o)
    0x080001b0   0x00000000   Code   RO          809    .ARM.Collect$$libinit$$0000000E  c_w.l(libinit2.o)
    0x080001b0   0x00000006   Code   RO          810    .ARM.Collect$$libinit$$0000000F  c_w.l(libinit2.o)
    0x080001b6   0x00000000   Code   RO          812    .ARM.Collect$$libinit$$00000011  c_w.l(libinit2.o)
    0x080001b6   0x00000000   Code   RO          814    .ARM.Collect$$libinit$$00000013  c_w.l(libinit2.o)
    0x080001b6   0x00000000   Code   RO          816    .ARM.Collect$$libinit$$00000015  c_w.l(libinit2.o)
    0x080001b6   0x0000000a   Code   RO          817    .ARM.Collect$$libinit$$00000016  c_w.l(libinit2.o)
    0x080001c0   0x00000000   Code   RO          818    .ARM.Collect$$libinit$$00000017  c_w.l(libinit2.o)
    0x080001c0   0x00000000   Code   RO          820    .ARM.Collect$$libinit$$00000019  c_w.l(libinit2.o)
    0x080001c0   0x00000000   Code   RO          822    .ARM.Collect$$libinit$$0000001B  c_w.l(libinit2.o)
    0x080001c0   0x00000000   Code   RO          824    .ARM.Collect$$libinit$$0000001D  c_w.l(libinit2.o)
    0x080001c0   0x00000000   Code   RO          826    .ARM.Collect$$libinit$$0000001F  c_w.l(libinit2.o)
    0x080001c0   0x00000000   Code   RO          828    .ARM.Collect$$libinit$$00000021  c_w.l(libinit2.o)
    0x080001c0   0x00000000   Code   RO          830    .ARM.Collect$$libinit$$00000023  c_w.l(libinit2.o)
    0x080001c0   0x00000000   Code   RO          832    .ARM.Collect$$libinit$$00000025  c_w.l(libinit2.o)
    0x080001c0   0x00000000   Code   RO          836    .ARM.Collect$$libinit$$0000002C  c_w.l(libinit2.o)
    0x080001c0   0x00000000   Code   RO          838    .ARM.Collect$$libinit$$0000002E  c_w.l(libinit2.o)
    0x080001c0   0x00000000   Code   RO          840    .ARM.Collect$$libinit$$00000030  c_w.l(libinit2.o)
    0x080001c0   0x00000000   Code   RO          842    .ARM.Collect$$libinit$$00000032  c_w.l(libinit2.o)
    0x080001c0   0x00000002   Code   RO          843    .ARM.Collect$$libinit$$00000033  c_w.l(libinit2.o)
    0x080001c2   0x00000002   Code   RO          871    .ARM.Collect$$libshutdown$$00000000  c_w.l(libshutdown.o)
    0x080001c4   0x00000000   Code   RO          880    .ARM.Collect$$libshutdown$$00000002  c_w.l(libshutdown2.o)
    0x080001c4   0x00000000   Code   RO          882    .ARM.Collect$$libshutdown$$00000004  c_w.l(libshutdown2.o)
    0x080001c4   0x00000000   Code   RO          885    .ARM.Collect$$libshutdown$$00000007  c_w.l(libshutdown2.o)
    0x080001c4   0x00000000   Code   RO          888    .ARM.Collect$$libshutdown$$0000000A  c_w.l(libshutdown2.o)
    0x080001c4   0x00000000   Code   RO          890    .ARM.Collect$$libshutdown$$0000000C  c_w.l(libshutdown2.o)
    0x080001c4   0x00000000   Code   RO          893    .ARM.Collect$$libshutdown$$0000000F  c_w.l(libshutdown2.o)
    0x080001c4   0x00000002   Code   RO          894    .ARM.Collect$$libshutdown$$00000010  c_w.l(libshutdown2.o)
    0x080001c6   0x00000000   Code   RO          701    .ARM.Collect$$rtentry$$00000000  c_w.l(__rtentry.o)
    0x080001c6   0x00000000   Code   RO          721    .ARM.Collect$$rtentry$$00000002  c_w.l(__rtentry2.o)
    0x080001c6   0x00000006   Code   RO          733    .ARM.Collect$$rtentry$$00000004  c_w.l(__rtentry4.o)
    0x080001cc   0x00000000   Code   RO          723    .ARM.Collect$$rtentry$$00000009  c_w.l(__rtentry2.o)
    0x080001cc   0x00000004   Code   RO          724    .ARM.Collect$$rtentry$$0000000A  c_w.l(__rtentry2.o)
    0x080001d0   0x00000000   Code   RO          726    .ARM.Collect$$rtentry$$0000000C  c_w.l(__rtentry2.o)
    0x080001d0   0x00000008   Code   RO          727    .ARM.Collect$$rtentry$$0000000D  c_w.l(__rtentry2.o)
    0x080001d8   0x00000002   Code   RO          844    .ARM.Collect$$rtexit$$00000000  c_w.l(rtexit.o)
    0x080001da   0x00000000   Code   RO          851    .ARM.Collect$$rtexit$$00000002  c_w.l(rtexit2.o)
    0x080001da   0x00000004   Code   RO          852    .ARM.Collect$$rtexit$$00000003  c_w.l(rtexit2.o)
    0x080001de   0x00000006   Code   RO          853    .ARM.Collect$$rtexit$$00000004  c_w.l(rtexit2.o)
    0x080001e4   0x00000138   Code   RO            1    .text               main.o
    0x0800031c   0x000000bc   Code   RO          135    .text               stm32f10x_it.o
    0x080003d8   0x00000430   Code   RO          158    .text               stm32f10x_adc.o
    0x08000808   0x00000530   Code   RO          254    .text               stm32f10x_flash.o
    0x08000d38   0x0000032c   Code   RO          278    .text               stm32f10x_gpio.o
    0x08001064   0x000003d8   Code   RO          323    .text               stm32f10x_nvic.o
    0x0800143c   0x000003b0   Code   RO          347    .text               stm32f10x_rcc.o
    0x080017ec   0x00000bb0   Code   RO          410    .text               stm32f10x_tim.o
    0x0800239c   0x00000968   Code   RO          422    .text               stm32f10x_tim1.o
    0x08002d04   0x00000370   Code   RO          434    .text               stm32f10x_usart.o
    0x08003074   0x000000b0   Code   RO          458    .text               delay.o
    0x08003124   0x000002ac   Code   RO          472    .text               usart.o
    0x080033d0   0x00000258   Code   RO          491    .text               encode.o
    0x08003628   0x00000174   Code   RO          510    .text               pid.o
    0x0800379c   0x00000234   Code   RO          546    .text               adc.o
    0x080039d0   0x00000038   Code   RO          561    .text               init.o
    0x08003a08   0x00000100   Code   RO          579    .text               spwm.o
    0x08003b08   0x000000ec   Code   RO          591    .text               kalman.o
    0x08003bf4   0x0000007a   Code   RO          606    .text               cortexm3_macro.o
    0x08003c6e   0x00000002   PAD
    0x08003c70   0x00000024   Code   RO          613    .text               stm32f10x_vector.o
    0x08003c94   0x00000002   Code   RO          619    .text               c_w.l(use_no_semi_2.o)
    0x08003c96   0x00000002   PAD
    0x08003c98   0x00000018   Code   RO          623    .text               c_w.l(noretval__2printf.o)
    0x08003cb0   0x0000010e   Code   RO          635    .text               c_w.l(__printf_wp.o)
    0x08003dbe   0x0000003e   Code   RO          649    .text               c_w.l(strlen.o)
    0x08003dfc   0x00000006   Code   RO          651    .text               c_w.l(heapauxi.o)
    0x08003e02   0x00000002   Code   RO          699    .text               c_w.l(use_no_semi.o)
    0x08003e04   0x0000041a   Code   RO          702    .text               c_w.l(_printf_fp_dec.o)
    0x0800421e   0x00000002   PAD
    0x08004220   0x00000024   Code   RO          704    .text               c_w.l(_printf_char_file.o)
    0x08004244   0x00000008   Code   RO          738    .text               c_w.l(rt_locale_intlibspace.o)
    0x0800424c   0x0000008a   Code   RO          740    .text               c_w.l(lludiv10.o)
    0x080042d6   0x00000002   PAD
    0x080042d8   0x00000030   Code   RO          742    .text               c_w.l(_printf_char_common.o)
    0x08004308   0x00000080   Code   RO          744    .text               c_w.l(_printf_fp_infnan.o)
    0x08004388   0x000000dc   Code   RO          746    .text               c_w.l(bigflt0.o)
    0x08004464   0x00000008   Code   RO          771    .text               c_w.l(ferror.o)
    0x0800446c   0x00000008   Code   RO          782    .text               c_w.l(libspace.o)
    0x08004474   0x0000004a   Code   RO          785    .text               c_w.l(sys_stackheap_outer.o)
    0x080044be   0x00000012   Code   RO          789    .text               c_w.l(exit.o)
    0x080044d0   0x00000080   Code   RO          791    .text               c_w.l(strcmpv7m.o)
    0x08004550   0x0000003e   Code   RO          749    CL$$btod_d2e        c_w.l(btod.o)
    0x0800458e   0x00000046   Code   RO          751    CL$$btod_d2e_denorm_low  c_w.l(btod.o)
    0x080045d4   0x00000060   Code   RO          750    CL$$btod_d2e_norm_op1  c_w.l(btod.o)
    0x08004634   0x00000338   Code   RO          759    CL$$btod_div_common  c_w.l(btod.o)
    0x0800496c   0x000000c6   Code   RO          756    CL$$btod_e2e        c_w.l(btod.o)
    0x08004a32   0x00000028   Code   RO          753    CL$$btod_ediv       c_w.l(btod.o)
    0x08004a5a   0x00000028   Code   RO          752    CL$$btod_emul       c_w.l(btod.o)
    0x08004a82   0x00000244   Code   RO          758    CL$$btod_mult_common  c_w.l(btod.o)
    0x08004cc6   0x00000028   Code   RO          780    i.__ARM_fpclassify  m_ws.l(fpclassify.o)
    0x08004cee   0x0000000e   Code   RO          637    i._is_digit         c_w.l(__printf_wp.o)
    0x08004cfc   0x0000002c   Code   RO          776    locale$$code        c_w.l(lc_numeric_c.o)
    0x08004d28   0x00000062   Code   RO          655    x$fpl$d2f           fz_ws.l(d2f.o)
    0x08004d8a   0x00000002   PAD
    0x08004d8c   0x000002b0   Code   RO          658    x$fpl$ddiv          fz_ws.l(ddiv.o)
    0x0800503c   0x0000002e   Code   RO          662    x$fpl$dflt          fz_ws.l(dflt_clz.o)
    0x0800506a   0x00000002   PAD
    0x0800506c   0x00000154   Code   RO          667    x$fpl$dmul          fz_ws.l(dmul.o)
    0x080051c0   0x0000009c   Code   RO          707    x$fpl$dnaninf       fz_ws.l(dnaninf.o)
    0x0800525c   0x0000000c   Code   RO          709    x$fpl$dretinf       fz_ws.l(dretinf.o)
    0x08005268   0x00000056   Code   RO          669    x$fpl$f2d           fz_ws.l(f2d.o)
    0x080052be   0x00000002   PAD
    0x080052c0   0x000000c4   Code   RO          671    x$fpl$fadd          fz_ws.l(faddsub_clz.o)
    0x08005384   0x00000018   Code   RO          711    x$fpl$fcmpinf       fz_ws.l(fcmpi.o)
    0x0800539c   0x00000184   Code   RO          678    x$fpl$fdiv          fz_ws.l(fdiv.o)
    0x08005520   0x00000068   Code   RO          681    x$fpl$feqf          fz_ws.l(feqf.o)
    0x08005588   0x0000003e   Code   RO          683    x$fpl$ffixu         fz_ws.l(ffixu.o)
    0x080055c6   0x00000002   PAD
    0x080055c8   0x00000030   Code   RO          688    x$fpl$fflt          fz_ws.l(fflt_clz.o)
    0x080055f8   0x00000026   Code   RO          687    x$fpl$ffltu         fz_ws.l(fflt_clz.o)
    0x0800561e   0x00000002   PAD
    0x08005620   0x00000068   Code   RO          713    x$fpl$fleqf         fz_ws.l(fleqf.o)
    0x08005688   0x00000102   Code   RO          693    x$fpl$fmul          fz_ws.l(fmul.o)
    0x0800578a   0x0000008c   Code   RO          715    x$fpl$fnaninf       fz_ws.l(fnaninf.o)
    0x08005816   0x0000000a   Code   RO          717    x$fpl$fretinf       fz_ws.l(fretinf.o)
    0x08005820   0x00000062   Code   RO          695    x$fpl$frleqf        fz_ws.l(frleqf.o)
    0x08005882   0x00000014   Code   RO          672    x$fpl$frsb          fz_ws.l(faddsub_clz.o)
    0x08005896   0x00000002   PAD
    0x08005898   0x000000ea   Code   RO          673    x$fpl$fsub          fz_ws.l(faddsub_clz.o)
    0x08005982   0x00000004   Code   RO          697    x$fpl$printf1       fz_ws.l(printf1.o)
    0x08005986   0x00000000   Code   RO          719    x$fpl$usenofp       fz_ws.l(usenofp.o)
    0x08005986   0x00000014   Data   RO          348    .constdata          stm32f10x_rcc.o
    0x0800599a   0x00000002   PAD
    0x0800599c   0x00000094   Data   RO          747    .constdata          c_w.l(bigflt0.o)
    0x08005a30   0x00000020   Data   RO          919    Region$$Table       anon$$obj.o
    0x08005a50   0x0000001c   Data   RO          775    locale$$data        c_w.l(lc_numeric_c.o)


    Execution Region RW_IRAM1 (Base: 0x20000000, Size: 0x00000988, Max: 0x00005000, ABSOLUTE)

    Base Addr    Size         Type   Attr      Idx    E Section Name        Object

    0x20000000   0x00000008   Data   RW          349    .data               stm32f10x_rcc.o
    0x20000008   0x00000004   Data   RW          459    .data               delay.o
    0x2000000c   0x00000004   Data   RW          473    .data               usart.o
    0x20000010   0x00000014   Data   RW          493    .data               encode.o
    0x20000024   0x00000004   Data   RW          547    .data               adc.o
    0x20000028   0x00000024   Zero   RW          492    .bss                encode.o
    0x2000004c   0x000000b0   Zero   RW          511    .bss                pid.o
    0x200000fc   0x0000002c   Zero   RW          592    .bss                kalman.o
    0x20000128   0x00000060   Zero   RW          783    .bss                c_w.l(libspace.o)
    0x20000188   0x00000400   Zero   RW          611    HEAP                stm32f10x_vector.o
    0x20000588   0x00000400   Zero   RW          610    STACK               stm32f10x_vector.o


==============================================================================

Image component sizes


      Code (inc. data)   RO Data    RW Data    ZI Data      Debug   Object Name

       564         38          0          4          0       1467   adc.o
       122          0          0          0          0        356   cortexm3_macro.o
       176          8          0          4          0        987   delay.o
       600         36          0         20         36       2520   encode.o
        56          4          0          0          0        439   init.o
       236         12          0          0         44        913   kalman.o
       312         56          0          0          0      97157   main.o
       372         40          0          0        176       2432   pid.o
       256         10          0          0          0        886   spwm.o
      1072         20          0          0          0      10641   stm32f10x_adc.o
      1328         34          0          0          0       5914   stm32f10x_flash.o
       812         16          0          0          0       5107   stm32f10x_gpio.o
       188         10          0          0          0       7452   stm32f10x_it.o
       984         30          0          0          0       7128   stm32f10x_nvic.o
       944         44         20          8          0       8656   stm32f10x_rcc.o
      2992         18          0          0          0      24152   stm32f10x_tim.o
      2408         48          0          0          0      23979   stm32f10x_tim1.o
       880         12          0          0          0       7635   stm32f10x_usart.o
        36         22        304          0       2048        336   stm32f10x_vector.o
       684         14          0          4          0       5331   usart.o

    ----------------------------------------------------------------------
     15024        472        358         40       2304     213488   Object Totals
         0          0         32          0          0          0   (incl. Generated)
         2          0          2          0          0          0   (incl. Padding)

    ----------------------------------------------------------------------

      Code (inc. data)   RO Data    RW Data    ZI Data      Debug   Library Member Name

         8          0          0          0          0         68   __main.o
       284          0          0          0          0        156   __printf_wp.o
         0          0          0          0          0          0   __rtentry.o
        12          0          0          0          0          0   __rtentry2.o
         6          0          0          0          0          0   __rtentry4.o
        52          8          0          0          0          0   __scatter.o
        26          0          0          0          0          0   __scatter_copy.o
        28          0          0          0          0          0   __scatter_zi.o
        48          6          0          0          0         96   _printf_char_common.o
        36          4          0          0          0         80   _printf_char_file.o
         6          0          0          0          0          0   _printf_f.o
      1050          0          0          0          0        216   _printf_fp_dec.o
       128         16          0          0          0         84   _printf_fp_infnan.o
         0          0          0          0          0          0   _printf_percent.o
         4          0          0          0          0          0   _printf_percent_end.o
       220          4        148          0          0         96   bigflt0.o
      1910        128          0          0          0        672   btod.o
        18          0          0          0          0         80   exit.o
         8          0          0          0          0         68   ferror.o
         6          0          0          0          0        152   heapauxi.o
        44         10         28          0          0         76   lc_numeric_c.o
         2          0          0          0          0          0   libinit.o
        18          0          0          0          0          0   libinit2.o
         2          0          0          0          0          0   libshutdown.o
         2          0          0          0          0          0   libshutdown2.o
         8          4          0          0         96         68   libspace.o
       138          0          0          0          0         80   lludiv10.o
        24          4          0          0          0         84   noretval__2printf.o
         8          4          0          0          0         68   rt_locale_intlibspace.o
         2          0          0          0          0          0   rtexit.o
        10          0          0          0          0          0   rtexit2.o
       128          0          0          0          0         68   strcmpv7m.o
        62          0          0          0          0         76   strlen.o
        74          0          0          0          0         80   sys_stackheap_outer.o
         2          0          0          0          0         68   use_no_semi.o
         2          0          0          0          0         68   use_no_semi_2.o
        98          4          0          0          0         92   d2f.o
       688        140          0          0          0        208   ddiv.o
        46          0          0          0          0         68   dflt_clz.o
       340         12          0          0          0        104   dmul.o
       156          4          0          0          0         92   dnaninf.o
        12          0          0          0          0         68   dretinf.o
        86          4          0          0          0         84   f2d.o
       450          8          0          0          0        236   faddsub_clz.o
        24          0          0          0          0         68   fcmpi.o
       388         76          0          0          0         96   fdiv.o
       104          4          0          0          0         84   feqf.o
        62          4          0          0          0         84   ffixu.o
        86          0          0          0          0        136   fflt_clz.o
       104          4          0          0          0         84   fleqf.o
       258          4          0          0          0         84   fmul.o
       140          4          0          0          0         84   fnaninf.o
        10          0          0          0          0         68   fretinf.o
        98          0          0          0          0         68   frleqf.o
         4          0          0          0          0         68   printf1.o
         0          0          0          0          0          0   usenofp.o
        40          0          0          0          0         68   fpclassify.o

    ----------------------------------------------------------------------
      7590        456        176          0         96       4448   Library Totals
        20          0          0          0          0          0   (incl. Padding)

    ----------------------------------------------------------------------

      Code (inc. data)   RO Data    RW Data    ZI Data      Debug   Library Name

      4376        188        176          0         96       2504   c_w.l
      3154        268          0          0          0       1876   fz_ws.l
        40          0          0          0          0         68   m_ws.l

    ----------------------------------------------------------------------
      7590        456        176          0         96       4448   Library Totals

    ----------------------------------------------------------------------

==============================================================================


      Code (inc. data)   RO Data    RW Data    ZI Data      Debug   

     22614        928        534         40       2400     213304   Grand Totals
     22614        928        534         40       2400     213304   ELF Image Totals
     22614        928        534         40          0          0   ROM Totals

==============================================================================

    Total RO  Size (Code + RO Data)                23148 (  22.61kB)
    Total RW  Size (RW Data + ZI Data)              2440 (   2.38kB)
    Total ROM Size (Code + RO Data + RW Data)      23188 (  22.64kB)

==============================================================================

